<!doctype html public "-//w3c//dtd html 4.0 transitional//en">
<html><head>
<title>Static Call Graph - [.\obj\lwip_gnu.axf]</title></head>
<body><HR>
<H1>Static Call Graph for image .\obj\lwip_gnu.axf</H1><HR>
<BR><P>#&#060CALLGRAPH&#062# ARM Linker, RVCT4.0 [Build 728]: Last Updated: Thu May 24 23:22:42 2018
<BR><P>
<H3>Maximum Stack Usage =       1068 bytes + Unknown(Untraceable Function Pointers)</H3><H3>
Call chain for Maximum Stack Depth:</H3>
recv_callback_tftp &rArr; process_tftp_request &rArr; tftp_process_read &rArr; tftp_send_next_block &rArr; tftp_send_data_packet &rArr; tftp_send_message &rArr; udp_sendto &rArr; udp_sendto_if &rArr; ip_output_if &rArr; ip_frag &rArr; pbuf_alloc &rArr; pbuf_free &rArr; mem_free &rArr; plug_holes
<P>
<H3>
Function Pointers
</H3><UL>
 <LI><a href="#[2fbf4ec]">Reset_Handler</a>
 <LI><a href="#[1d81cc0]">NMI_Handler</a>
 <LI><a href="#[1d81d38]">HardFault_Handler</a>
 <LI><a href="#[1d81cfc]">MemManage_Handler</a>
 <LI><a href="#[1d81dec]">BusFault_Handler</a>
 <LI><a href="#[1d81bd0]">UsageFault_Handler</a>
 <LI><a href="#[1d81c48]">SVC_Handler</a>
 <LI><a href="#[1d81db0]">DebugMon_Handler</a>
 <LI><a href="#[1d81c84]">PendSV_Handler</a>
 <LI><a href="#[1d81c0c]">SysTick_Handler</a>
 <LI><a href="#[2fbe484]">WWDG_IRQHandler</a>
 <LI><a href="#[2fbe9e8]">PVD_IRQHandler</a>
 <LI><a href="#[2fbe844]">TAMPER_IRQHandler</a>
 <LI><a href="#[2fbe934]">RTC_IRQHandler</a>
 <LI><a href="#[2fbeb8c]">FLASH_IRQHandler</a>
 <LI><a href="#[2fbe9ac]">RCC_IRQHandler</a>
 <LI><a href="#[2fbed30]">EXTI0_IRQHandler</a>
 <LI><a href="#[2fbecb8]">EXTI1_IRQHandler</a>
 <LI><a href="#[2fbec7c]">EXTI2_IRQHandler</a>
 <LI><a href="#[2fbec40]">EXTI3_IRQHandler</a>
 <LI><a href="#[2fbec04]">EXTI4_IRQHandler</a>
 <LI><a href="#[2fbf078]">DMA1_Channel1_IRQHandler</a>
 <LI><a href="#[2fbf03c]">DMA1_Channel2_IRQHandler</a>
 <LI><a href="#[2fbf000]">DMA1_Channel3_IRQHandler</a>
 <LI><a href="#[2fbefc4]">DMA1_Channel4_IRQHandler</a>
 <LI><a href="#[2fbef88]">DMA1_Channel5_IRQHandler</a>
 <LI><a href="#[2fbef4c]">DMA1_Channel6_IRQHandler</a>
 <LI><a href="#[2fbef10]">DMA1_Channel7_IRQHandler</a>
 <LI><a href="#[2fbf294]">ADC1_2_IRQHandler</a>
 <LI><a href="#[2fbf1a4]">CAN1_TX_IRQHandler</a>
 <LI><a href="#[2fbf258]">CAN1_RX0_IRQHandler</a>
 <LI><a href="#[2fbf21c]">CAN1_RX1_IRQHandler</a>
 <LI><a href="#[2fbf1e0]">CAN1_SCE_IRQHandler</a>
 <LI><a href="#[2fbebc8]">EXTI9_5_IRQHandler</a>
 <LI><a href="#[2fbe808]">TIM1_BRK_IRQHandler</a>
 <LI><a href="#[2fbe754]">TIM1_UP_IRQHandler</a>
 <LI><a href="#[2fbe790]">TIM1_TRG_COM_IRQHandler</a>
 <LI><a href="#[2fbe7cc]">TIM1_CC_IRQHandler</a>
 <LI><a href="#[2943a88]">TIM2_IRQHandler</a>
 <LI><a href="#[312f694]">TIM3_IRQHandler</a>
 <LI><a href="#[2fbe6a0]">TIM4_IRQHandler</a>
 <LI><a href="#[2fbeb14]">I2C1_EV_IRQHandler</a>
 <LI><a href="#[2fbeb50]">I2C1_ER_IRQHandler</a>
 <LI><a href="#[2fbea9c]">I2C2_EV_IRQHandler</a>
 <LI><a href="#[2fbead8]">I2C2_ER_IRQHandler</a>
 <LI><a href="#[2fbe8f8]">SPI1_IRQHandler</a>
 <LI><a href="#[2fbe8bc]">SPI2_IRQHandler</a>
 <LI><a href="#[2fbe538]">USART1_IRQHandler</a>
 <LI><a href="#[312e8c0]">USART2_IRQHandler</a>
 <LI><a href="#[2fbe4c0]">USART3_IRQHandler</a>
 <LI><a href="#[2fbecf4]">EXTI15_10_IRQHandler</a>
 <LI><a href="#[2fbe970]">RTCAlarm_IRQHandler</a>
 <LI><a href="#[2fbea24]">OTG_FS_WKUP_IRQHandler</a>
 <LI><a href="#[2fbe664]">TIM5_IRQHandler</a>
 <LI><a href="#[2fbe880]">SPI3_IRQHandler</a>
 <LI><a href="#[2fbe5b0]">UART4_IRQHandler</a>
 <LI><a href="#[2fbe574]">UART5_IRQHandler</a>
 <LI><a href="#[2fbe628]">TIM6_IRQHandler</a>
 <LI><a href="#[2fbe5ec]">TIM7_IRQHandler</a>
 <LI><a href="#[2fbeed4]">DMA2_Channel1_IRQHandler</a>
 <LI><a href="#[2fbee98]">DMA2_Channel2_IRQHandler</a>
 <LI><a href="#[2fbee5c]">DMA2_Channel3_IRQHandler</a>
 <LI><a href="#[2fbee20]">DMA2_Channel4_IRQHandler</a>
 <LI><a href="#[2fbede4]">DMA2_Channel5_IRQHandler</a>
 <LI><a href="#[1d81d74]">ETH_IRQHandler</a>
 <LI><a href="#[2fbed6c]">ETH_WKUP_IRQHandler</a>
 <LI><a href="#[2fbf0b4]">CAN2_TX_IRQHandler</a>
 <LI><a href="#[2fbf168]">CAN2_RX0_IRQHandler</a>
 <LI><a href="#[2fbf12c]">CAN2_RX1_IRQHandler</a>
 <LI><a href="#[2fbf0f0]">CAN2_SCE_IRQHandler</a>
 <LI><a href="#[2fbea60]">OTG_FS_IRQHandler</a>
 <LI><a href="#[2943a10]">main</a>
 <LI><a href="#[1d80208]">SystemInit</a>
 <LI><a href="#[312c214]">__main</a>
 <LI><a href="#[1d833b8]">ethernet_input</a>
 <LI><a href="#[1d8337c]">ethernetif_init</a>
 <LI><a href="#[3125914]">_sputc</a>
 <LI><a href="#[2f53874]">dhcp_recv</a>
 <LI><a href="#[30b2d20]">eMBMasterRTUStart</a>
 <LI><a href="#[30b2ce4]">eMBMasterRTUStop</a>
 <LI><a href="#[30b2d5c]">eMBMasterRTUSend</a>
 <LI><a href="#[30b2d98]">eMBMasterRTUReceive</a>
 <LI><a href="#[30b2b7c]">xMBMasterRTUReceiveFSM</a>
 <LI><a href="#[30b2b04]">xMBMasterRTUTransmitFSM</a>
 <LI><a href="#[30b2b40]">xMBMasterRTUTimerExpired</a>
 <LI><a href="#[2fc1328]">etharp_output</a>
 <LI><a href="#[2fc0194]">low_level_output</a>
 <LI><a href="#[2fc3ce0]">ipfrag_free_pbuf_custom</a>
 <LI><a href="#[294a25c]">recv_callback_tftp</a>
 <LI><a href="#[2f46f5c]">tcp_recv_null</a>
 <LI><a href="#[1d7c89c]">tcp_client_connected</a>
 <LI><a href="#[1d7c860]">tcp_client_err</a>
 <LI><a href="#[1d7c7e8]">tcp_client_reciver</a>
 <LI><a href="#[294a25c]">recv_callback_tftp</a>
 <LI><a href="#[294a25c]">recv_callback_tftp</a>
 <LI><a href="#[294a220]">rrq_recv_callback</a>
 <LI><a href="#[2949f50]">wrq_recv_callback</a>
 <LI><a href="#[1d7c770]">udp_client_callback</a>
</UL>
<P>
<H3>
Global Symbols
</H3>
<P><STRONG><a name="[312c214]"></a>__main</STRONG> (Thumb, 0 bytes, Stack size unknown bytes, entry.o(.ARM.Collect$$$$00000000))
<BR>[Address Reference Count : 1]<UL><LI> startup_stm32f10x_cl.o(.text)
</UL>
<P><STRONG><a name="[31216c0]"></a>_main_stk</STRONG> (Thumb, 0 bytes, Stack size unknown bytes, entry2.o(.ARM.Collect$$$$00000001))

<P><STRONG><a name="[3121594]"></a>_main_scatterload</STRONG> (Thumb, 0 bytes, Stack size unknown bytes, entry5.o(.ARM.Collect$$$$00000004))
<BR><BR>[Calls]<UL><LI><a href="#[322a17c]">&gt;&gt;</a>&nbsp;&nbsp;&nbsp;__scatterload
</UL>

<P><STRONG><a name="[3121558]"></a>__main_after_scatterload</STRONG> (Thumb, 0 bytes, Stack size unknown bytes, entry5.o(.ARM.Collect$$$$00000004))
<BR><BR>[Called By]<UL><LI><a href="#[322a17c]">&gt;&gt;</a>&nbsp;&nbsp;&nbsp;__scatterload
</UL>

<P><STRONG><a name="[3121468]"></a>_main_init</STRONG> (Thumb, 0 bytes, Stack size unknown bytes, entry7.o(.ARM.Collect$$$$00000007))

<P><STRONG><a name="[1d81e28]"></a>wait</STRONG> (Thumb, 2 bytes, Stack size 0 bytes, stm32f10x_it.o(.emb_text))
<BR><BR>[Called By]<UL><LI><a href="#[1d81d38]">&gt;&gt;</a>&nbsp;&nbsp;&nbsp;HardFault_Handler
</UL>

<P><STRONG><a name="[2fbf4ec]"></a>Reset_Handler</STRONG> (Thumb, 8 bytes, Stack size 0 bytes, startup_stm32f10x_cl.o(.text))
<BR>[Address Reference Count : 1]<UL><LI> startup_stm32f10x_cl.o(RESET)
</UL>
<P><STRONG><a name="[2fbf294]"></a>ADC1_2_IRQHandler</STRONG> (Thumb, 0 bytes, Stack size 0 bytes, startup_stm32f10x_cl.o(.text))
<BR>[Address Reference Count : 1]<UL><LI> startup_stm32f10x_cl.o(RESET)
</UL>
<P><STRONG><a name="[2fbf258]"></a>CAN1_RX0_IRQHandler</STRONG> (Thumb, 0 bytes, Stack size 0 bytes, startup_stm32f10x_cl.o(.text))
<BR>[Address Reference Count : 1]<UL><LI> startup_stm32f10x_cl.o(RESET)
</UL>
<P><STRONG><a name="[2fbf21c]"></a>CAN1_RX1_IRQHandler</STRONG> (Thumb, 0 bytes, Stack size 0 bytes, startup_stm32f10x_cl.o(.text))
<BR>[Address Reference Count : 1]<UL><LI> startup_stm32f10x_cl.o(RESET)
</UL>
<P><STRONG><a name="[2fbf1e0]"></a>CAN1_SCE_IRQHandler</STRONG> (Thumb, 0 bytes, Stack size 0 bytes, startup_stm32f10x_cl.o(.text))
<BR>[Address Reference Count : 1]<UL><LI> startup_stm32f10x_cl.o(RESET)
</UL>
<P><STRONG><a name="[2fbf1a4]"></a>CAN1_TX_IRQHandler</STRONG> (Thumb, 0 bytes, Stack size 0 bytes, startup_stm32f10x_cl.o(.text))
<BR>[Address Reference Count : 1]<UL><LI> startup_stm32f10x_cl.o(RESET)
</UL>
<P><STRONG><a name="[2fbf168]"></a>CAN2_RX0_IRQHandler</STRONG> (Thumb, 0 bytes, Stack size 0 bytes, startup_stm32f10x_cl.o(.text))
<BR>[Address Reference Count : 1]<UL><LI> startup_stm32f10x_cl.o(RESET)
</UL>
<P><STRONG><a name="[2fbf12c]"></a>CAN2_RX1_IRQHandler</STRONG> (Thumb, 0 bytes, Stack size 0 bytes, startup_stm32f10x_cl.o(.text))
<BR>[Address Reference Count : 1]<UL><LI> startup_stm32f10x_cl.o(RESET)
</UL>
<P><STRONG><a name="[2fbf0f0]"></a>CAN2_SCE_IRQHandler</STRONG> (Thumb, 0 bytes, Stack size 0 bytes, startup_stm32f10x_cl.o(.text))
<BR>[Address Reference Count : 1]<UL><LI> startup_stm32f10x_cl.o(RESET)
</UL>
<P><STRONG><a name="[2fbf0b4]"></a>CAN2_TX_IRQHandler</STRONG> (Thumb, 0 bytes, Stack size 0 bytes, startup_stm32f10x_cl.o(.text))
<BR>[Address Reference Count : 1]<UL><LI> startup_stm32f10x_cl.o(RESET)
</UL>
<P><STRONG><a name="[2fbf078]"></a>DMA1_Channel1_IRQHandler</STRONG> (Thumb, 0 bytes, Stack size 0 bytes, startup_stm32f10x_cl.o(.text))
<BR>[Address Reference Count : 1]<UL><LI> startup_stm32f10x_cl.o(RESET)
</UL>
<P><STRONG><a name="[2fbf03c]"></a>DMA1_Channel2_IRQHandler</STRONG> (Thumb, 0 bytes, Stack size 0 bytes, startup_stm32f10x_cl.o(.text))
<BR>[Address Reference Count : 1]<UL><LI> startup_stm32f10x_cl.o(RESET)
</UL>
<P><STRONG><a name="[2fbf000]"></a>DMA1_Channel3_IRQHandler</STRONG> (Thumb, 0 bytes, Stack size 0 bytes, startup_stm32f10x_cl.o(.text))
<BR>[Address Reference Count : 1]<UL><LI> startup_stm32f10x_cl.o(RESET)
</UL>
<P><STRONG><a name="[2fbefc4]"></a>DMA1_Channel4_IRQHandler</STRONG> (Thumb, 0 bytes, Stack size 0 bytes, startup_stm32f10x_cl.o(.text))
<BR>[Address Reference Count : 1]<UL><LI> startup_stm32f10x_cl.o(RESET)
</UL>
<P><STRONG><a name="[2fbef88]"></a>DMA1_Channel5_IRQHandler</STRONG> (Thumb, 0 bytes, Stack size 0 bytes, startup_stm32f10x_cl.o(.text))
<BR>[Address Reference Count : 1]<UL><LI> startup_stm32f10x_cl.o(RESET)
</UL>
<P><STRONG><a name="[2fbef4c]"></a>DMA1_Channel6_IRQHandler</STRONG> (Thumb, 0 bytes, Stack size 0 bytes, startup_stm32f10x_cl.o(.text))
<BR>[Address Reference Count : 1]<UL><LI> startup_stm32f10x_cl.o(RESET)
</UL>
<P><STRONG><a name="[2fbef10]"></a>DMA1_Channel7_IRQHandler</STRONG> (Thumb, 0 bytes, Stack size 0 bytes, startup_stm32f10x_cl.o(.text))
<BR>[Address Reference Count : 1]<UL><LI> startup_stm32f10x_cl.o(RESET)
</UL>
<P><STRONG><a name="[2fbeed4]"></a>DMA2_Channel1_IRQHandler</STRONG> (Thumb, 0 bytes, Stack size 0 bytes, startup_stm32f10x_cl.o(.text))
<BR>[Address Reference Count : 1]<UL><LI> startup_stm32f10x_cl.o(RESET)
</UL>
<P><STRONG><a name="[2fbee98]"></a>DMA2_Channel2_IRQHandler</STRONG> (Thumb, 0 bytes, Stack size 0 bytes, startup_stm32f10x_cl.o(.text))
<BR>[Address Reference Count : 1]<UL><LI> startup_stm32f10x_cl.o(RESET)
</UL>
<P><STRONG><a name="[2fbee5c]"></a>DMA2_Channel3_IRQHandler</STRONG> (Thumb, 0 bytes, Stack size 0 bytes, startup_stm32f10x_cl.o(.text))
<BR>[Address Reference Count : 1]<UL><LI> startup_stm32f10x_cl.o(RESET)
</UL>
<P><STRONG><a name="[2fbee20]"></a>DMA2_Channel4_IRQHandler</STRONG> (Thumb, 0 bytes, Stack size 0 bytes, startup_stm32f10x_cl.o(.text))
<BR>[Address Reference Count : 1]<UL><LI> startup_stm32f10x_cl.o(RESET)
</UL>
<P><STRONG><a name="[2fbede4]"></a>DMA2_Channel5_IRQHandler</STRONG> (Thumb, 0 bytes, Stack size 0 bytes, startup_stm32f10x_cl.o(.text))
<BR>[Address Reference Count : 1]<UL><LI> startup_stm32f10x_cl.o(RESET)
</UL>
<P><STRONG><a name="[2fbed6c]"></a>ETH_WKUP_IRQHandler</STRONG> (Thumb, 0 bytes, Stack size 0 bytes, startup_stm32f10x_cl.o(.text))
<BR>[Address Reference Count : 1]<UL><LI> startup_stm32f10x_cl.o(RESET)
</UL>
<P><STRONG><a name="[2fbed30]"></a>EXTI0_IRQHandler</STRONG> (Thumb, 0 bytes, Stack size 0 bytes, startup_stm32f10x_cl.o(.text))
<BR>[Address Reference Count : 1]<UL><LI> startup_stm32f10x_cl.o(RESET)
</UL>
<P><STRONG><a name="[2fbecf4]"></a>EXTI15_10_IRQHandler</STRONG> (Thumb, 0 bytes, Stack size 0 bytes, startup_stm32f10x_cl.o(.text))
<BR>[Address Reference Count : 1]<UL><LI> startup_stm32f10x_cl.o(RESET)
</UL>
<P><STRONG><a name="[2fbecb8]"></a>EXTI1_IRQHandler</STRONG> (Thumb, 0 bytes, Stack size 0 bytes, startup_stm32f10x_cl.o(.text))
<BR>[Address Reference Count : 1]<UL><LI> startup_stm32f10x_cl.o(RESET)
</UL>
<P><STRONG><a name="[2fbec7c]"></a>EXTI2_IRQHandler</STRONG> (Thumb, 0 bytes, Stack size 0 bytes, startup_stm32f10x_cl.o(.text))
<BR>[Address Reference Count : 1]<UL><LI> startup_stm32f10x_cl.o(RESET)
</UL>
<P><STRONG><a name="[2fbec40]"></a>EXTI3_IRQHandler</STRONG> (Thumb, 0 bytes, Stack size 0 bytes, startup_stm32f10x_cl.o(.text))
<BR>[Address Reference Count : 1]<UL><LI> startup_stm32f10x_cl.o(RESET)
</UL>
<P><STRONG><a name="[2fbec04]"></a>EXTI4_IRQHandler</STRONG> (Thumb, 0 bytes, Stack size 0 bytes, startup_stm32f10x_cl.o(.text))
<BR>[Address Reference Count : 1]<UL><LI> startup_stm32f10x_cl.o(RESET)
</UL>
<P><STRONG><a name="[2fbebc8]"></a>EXTI9_5_IRQHandler</STRONG> (Thumb, 0 bytes, Stack size 0 bytes, startup_stm32f10x_cl.o(.text))
<BR>[Address Reference Count : 1]<UL><LI> startup_stm32f10x_cl.o(RESET)
</UL>
<P><STRONG><a name="[2fbeb8c]"></a>FLASH_IRQHandler</STRONG> (Thumb, 0 bytes, Stack size 0 bytes, startup_stm32f10x_cl.o(.text))
<BR>[Address Reference Count : 1]<UL><LI> startup_stm32f10x_cl.o(RESET)
</UL>
<P><STRONG><a name="[2fbeb50]"></a>I2C1_ER_IRQHandler</STRONG> (Thumb, 0 bytes, Stack size 0 bytes, startup_stm32f10x_cl.o(.text))
<BR>[Address Reference Count : 1]<UL><LI> startup_stm32f10x_cl.o(RESET)
</UL>
<P><STRONG><a name="[2fbeb14]"></a>I2C1_EV_IRQHandler</STRONG> (Thumb, 0 bytes, Stack size 0 bytes, startup_stm32f10x_cl.o(.text))
<BR>[Address Reference Count : 1]<UL><LI> startup_stm32f10x_cl.o(RESET)
</UL>
<P><STRONG><a name="[2fbead8]"></a>I2C2_ER_IRQHandler</STRONG> (Thumb, 0 bytes, Stack size 0 bytes, startup_stm32f10x_cl.o(.text))
<BR>[Address Reference Count : 1]<UL><LI> startup_stm32f10x_cl.o(RESET)
</UL>
<P><STRONG><a name="[2fbea9c]"></a>I2C2_EV_IRQHandler</STRONG> (Thumb, 0 bytes, Stack size 0 bytes, startup_stm32f10x_cl.o(.text))
<BR>[Address Reference Count : 1]<UL><LI> startup_stm32f10x_cl.o(RESET)
</UL>
<P><STRONG><a name="[2fbea60]"></a>OTG_FS_IRQHandler</STRONG> (Thumb, 0 bytes, Stack size 0 bytes, startup_stm32f10x_cl.o(.text))
<BR>[Address Reference Count : 1]<UL><LI> startup_stm32f10x_cl.o(RESET)
</UL>
<P><STRONG><a name="[2fbea24]"></a>OTG_FS_WKUP_IRQHandler</STRONG> (Thumb, 0 bytes, Stack size 0 bytes, startup_stm32f10x_cl.o(.text))
<BR>[Address Reference Count : 1]<UL><LI> startup_stm32f10x_cl.o(RESET)
</UL>
<P><STRONG><a name="[2fbe9e8]"></a>PVD_IRQHandler</STRONG> (Thumb, 0 bytes, Stack size 0 bytes, startup_stm32f10x_cl.o(.text))
<BR>[Address Reference Count : 1]<UL><LI> startup_stm32f10x_cl.o(RESET)
</UL>
<P><STRONG><a name="[2fbe9ac]"></a>RCC_IRQHandler</STRONG> (Thumb, 0 bytes, Stack size 0 bytes, startup_stm32f10x_cl.o(.text))
<BR>[Address Reference Count : 1]<UL><LI> startup_stm32f10x_cl.o(RESET)
</UL>
<P><STRONG><a name="[2fbe970]"></a>RTCAlarm_IRQHandler</STRONG> (Thumb, 0 bytes, Stack size 0 bytes, startup_stm32f10x_cl.o(.text))
<BR>[Address Reference Count : 1]<UL><LI> startup_stm32f10x_cl.o(RESET)
</UL>
<P><STRONG><a name="[2fbe934]"></a>RTC_IRQHandler</STRONG> (Thumb, 0 bytes, Stack size 0 bytes, startup_stm32f10x_cl.o(.text))
<BR>[Address Reference Count : 1]<UL><LI> startup_stm32f10x_cl.o(RESET)
</UL>
<P><STRONG><a name="[2fbe8f8]"></a>SPI1_IRQHandler</STRONG> (Thumb, 0 bytes, Stack size 0 bytes, startup_stm32f10x_cl.o(.text))
<BR>[Address Reference Count : 1]<UL><LI> startup_stm32f10x_cl.o(RESET)
</UL>
<P><STRONG><a name="[2fbe8bc]"></a>SPI2_IRQHandler</STRONG> (Thumb, 0 bytes, Stack size 0 bytes, startup_stm32f10x_cl.o(.text))
<BR>[Address Reference Count : 1]<UL><LI> startup_stm32f10x_cl.o(RESET)
</UL>
<P><STRONG><a name="[2fbe880]"></a>SPI3_IRQHandler</STRONG> (Thumb, 0 bytes, Stack size 0 bytes, startup_stm32f10x_cl.o(.text))
<BR>[Address Reference Count : 1]<UL><LI> startup_stm32f10x_cl.o(RESET)
</UL>
<P><STRONG><a name="[2fbe844]"></a>TAMPER_IRQHandler</STRONG> (Thumb, 0 bytes, Stack size 0 bytes, startup_stm32f10x_cl.o(.text))
<BR>[Address Reference Count : 1]<UL><LI> startup_stm32f10x_cl.o(RESET)
</UL>
<P><STRONG><a name="[2fbe808]"></a>TIM1_BRK_IRQHandler</STRONG> (Thumb, 0 bytes, Stack size 0 bytes, startup_stm32f10x_cl.o(.text))
<BR>[Address Reference Count : 1]<UL><LI> startup_stm32f10x_cl.o(RESET)
</UL>
<P><STRONG><a name="[2fbe7cc]"></a>TIM1_CC_IRQHandler</STRONG> (Thumb, 0 bytes, Stack size 0 bytes, startup_stm32f10x_cl.o(.text))
<BR>[Address Reference Count : 1]<UL><LI> startup_stm32f10x_cl.o(RESET)
</UL>
<P><STRONG><a name="[2fbe790]"></a>TIM1_TRG_COM_IRQHandler</STRONG> (Thumb, 0 bytes, Stack size 0 bytes, startup_stm32f10x_cl.o(.text))
<BR>[Address Reference Count : 1]<UL><LI> startup_stm32f10x_cl.o(RESET)
</UL>
<P><STRONG><a name="[2fbe754]"></a>TIM1_UP_IRQHandler</STRONG> (Thumb, 0 bytes, Stack size 0 bytes, startup_stm32f10x_cl.o(.text))
<BR>[Address Reference Count : 1]<UL><LI> startup_stm32f10x_cl.o(RESET)
</UL>
<P><STRONG><a name="[2fbe6a0]"></a>TIM4_IRQHandler</STRONG> (Thumb, 0 bytes, Stack size 0 bytes, startup_stm32f10x_cl.o(.text))
<BR>[Address Reference Count : 1]<UL><LI> startup_stm32f10x_cl.o(RESET)
</UL>
<P><STRONG><a name="[2fbe664]"></a>TIM5_IRQHandler</STRONG> (Thumb, 0 bytes, Stack size 0 bytes, startup_stm32f10x_cl.o(.text))
<BR>[Address Reference Count : 1]<UL><LI> startup_stm32f10x_cl.o(RESET)
</UL>
<P><STRONG><a name="[2fbe628]"></a>TIM6_IRQHandler</STRONG> (Thumb, 0 bytes, Stack size 0 bytes, startup_stm32f10x_cl.o(.text))
<BR>[Address Reference Count : 1]<UL><LI> startup_stm32f10x_cl.o(RESET)
</UL>
<P><STRONG><a name="[2fbe5ec]"></a>TIM7_IRQHandler</STRONG> (Thumb, 0 bytes, Stack size 0 bytes, startup_stm32f10x_cl.o(.text))
<BR>[Address Reference Count : 1]<UL><LI> startup_stm32f10x_cl.o(RESET)
</UL>
<P><STRONG><a name="[2fbe5b0]"></a>UART4_IRQHandler</STRONG> (Thumb, 0 bytes, Stack size 0 bytes, startup_stm32f10x_cl.o(.text))
<BR>[Address Reference Count : 1]<UL><LI> startup_stm32f10x_cl.o(RESET)
</UL>
<P><STRONG><a name="[2fbe574]"></a>UART5_IRQHandler</STRONG> (Thumb, 0 bytes, Stack size 0 bytes, startup_stm32f10x_cl.o(.text))
<BR>[Address Reference Count : 1]<UL><LI> startup_stm32f10x_cl.o(RESET)
</UL>
<P><STRONG><a name="[2fbe538]"></a>USART1_IRQHandler</STRONG> (Thumb, 0 bytes, Stack size 0 bytes, startup_stm32f10x_cl.o(.text))
<BR>[Address Reference Count : 1]<UL><LI> startup_stm32f10x_cl.o(RESET)
</UL>
<P><STRONG><a name="[2fbe4c0]"></a>USART3_IRQHandler</STRONG> (Thumb, 0 bytes, Stack size 0 bytes, startup_stm32f10x_cl.o(.text))
<BR>[Address Reference Count : 1]<UL><LI> startup_stm32f10x_cl.o(RESET)
</UL>
<P><STRONG><a name="[2fbe484]"></a>WWDG_IRQHandler</STRONG> (Thumb, 0 bytes, Stack size 0 bytes, startup_stm32f10x_cl.o(.text))
<BR>[Address Reference Count : 1]<UL><LI> startup_stm32f10x_cl.o(RESET)
</UL>
<P><STRONG><a name="[312bf44]"></a>__aeabi_memcpy</STRONG> (Thumb, 36 bytes, Stack size 0 bytes, memcpya.o(.text))
<BR><BR>[Called By]<UL><LI><a href="#[1d7bfb4]">&gt;&gt;</a>&nbsp;&nbsp;&nbsp;tcp_write
<LI><a href="#[1d7c644]">&gt;&gt;</a>&nbsp;&nbsp;&nbsp;Getmeminf
<LI><a href="#[1d7c770]">&gt;&gt;</a>&nbsp;&nbsp;&nbsp;udp_client_callback
<LI><a href="#[1d7c7e8]">&gt;&gt;</a>&nbsp;&nbsp;&nbsp;tcp_client_reciver
<LI><a href="#[294368c]">&gt;&gt;</a>&nbsp;&nbsp;&nbsp;eMBMasterPoll
<LI><a href="#[29438a8]">&gt;&gt;</a>&nbsp;&nbsp;&nbsp;ModbusSenttset
<LI><a href="#[2949d70]">&gt;&gt;</a>&nbsp;&nbsp;&nbsp;tftp_set_data_message
<LI><a href="#[294a004]">&gt;&gt;</a>&nbsp;&nbsp;&nbsp;tftp_send_message
<LI><a href="#[2f4c920]">&gt;&gt;</a>&nbsp;&nbsp;&nbsp;pbuf_copy
<LI><a href="#[2f52ed8]">&gt;&gt;</a>&nbsp;&nbsp;&nbsp;pbuf_copy_partial
<LI><a href="#[2fbfd20]">&gt;&gt;</a>&nbsp;&nbsp;&nbsp;Read_Eth_Packet
<LI><a href="#[2fc0194]">&gt;&gt;</a>&nbsp;&nbsp;&nbsp;low_level_output
<LI><a href="#[2fc01d0]">&gt;&gt;</a>&nbsp;&nbsp;&nbsp;low_level_input
<LI><a href="#[2fc15f8]">&gt;&gt;</a>&nbsp;&nbsp;&nbsp;etharp_update_arp_entry
<LI><a href="#[2fc1634]">&gt;&gt;</a>&nbsp;&nbsp;&nbsp;etharp_send_ip
<LI><a href="#[2fc1670]">&gt;&gt;</a>&nbsp;&nbsp;&nbsp;etharp_raw
<LI><a href="#[2fc1760]">&gt;&gt;</a>&nbsp;&nbsp;&nbsp;etharp_arp_input
<LI><a href="#[2fc3d58]">&gt;&gt;</a>&nbsp;&nbsp;&nbsp;ip_reass_free_complete_datagram
<LI><a href="#[2fc3d94]">&gt;&gt;</a>&nbsp;&nbsp;&nbsp;ip_reass_enqueue_new_datagram
<LI><a href="#[2fc5cfc]">&gt;&gt;</a>&nbsp;&nbsp;&nbsp;ip_reass
<LI><a href="#[2fc5d38]">&gt;&gt;</a>&nbsp;&nbsp;&nbsp;ip_frag
<LI><a href="#[2fc7a48]">&gt;&gt;</a>&nbsp;&nbsp;&nbsp;icmp_send_response
</UL>

<P><STRONG><a name="[312bf08]"></a>__aeabi_memcpy4</STRONG> (Thumb, 0 bytes, Stack size 0 bytes, memcpya.o(.text))
<BR><BR>[Called By]<UL><LI><a href="#[2fbc198]">&gt;&gt;</a>&nbsp;&nbsp;&nbsp;dir_getFileStructure
<LI><a href="#[2fbc300]">&gt;&gt;</a>&nbsp;&nbsp;&nbsp;dir_findFreeEntryinBuf
<LI><a href="#[2fbc33c]">&gt;&gt;</a>&nbsp;&nbsp;&nbsp;dir_findFileinBuf
</UL>

<P><STRONG><a name="[312becc]"></a>__aeabi_memcpy8</STRONG> (Thumb, 0 bytes, Stack size 0 bytes, memcpya.o(.text), UNUSED)

<P><STRONG><a name="[312bddc]"></a>__aeabi_memset</STRONG> (Thumb, 14 bytes, Stack size 0 bytes, memseta.o(.text))
<BR><BR>[Called By]<UL><LI><a href="#[312bc74]">&gt;&gt;</a>&nbsp;&nbsp;&nbsp;_memset$wrapper
<LI><a href="#[312bd28]">&gt;&gt;</a>&nbsp;&nbsp;&nbsp;__aeabi_memclr
</UL>

<P><STRONG><a name="[312bda0]"></a>__aeabi_memset4</STRONG> (Thumb, 0 bytes, Stack size 0 bytes, memseta.o(.text), UNUSED)

<P><STRONG><a name="[312bd64]"></a>__aeabi_memset8</STRONG> (Thumb, 0 bytes, Stack size 0 bytes, memseta.o(.text), UNUSED)

<P><STRONG><a name="[312bd28]"></a>__aeabi_memclr</STRONG> (Thumb, 4 bytes, Stack size 0 bytes, memseta.o(.text))
<BR><BR>[Calls]<UL><LI><a href="#[312bddc]">&gt;&gt;</a>&nbsp;&nbsp;&nbsp;__aeabi_memset
</UL>
<BR>[Called By]<UL><LI><a href="#[1d7c7e8]">&gt;&gt;</a>&nbsp;&nbsp;&nbsp;tcp_client_reciver
</UL>

<P><STRONG><a name="[312bcec]"></a>__aeabi_memclr4</STRONG> (Thumb, 0 bytes, Stack size 0 bytes, memseta.o(.text))
<BR><BR>[Called By]<UL><LI><a href="#[1d7bf3c]">&gt;&gt;</a>&nbsp;&nbsp;&nbsp;udp_new
<LI><a href="#[1d83430]">&gt;&gt;</a>&nbsp;&nbsp;&nbsp;dhcp_start
<LI><a href="#[2f471b4]">&gt;&gt;</a>&nbsp;&nbsp;&nbsp;tcp_alloc
<LI><a href="#[2f53928]">&gt;&gt;</a>&nbsp;&nbsp;&nbsp;dhcp_parse_reply
<LI><a href="#[2fc3d94]">&gt;&gt;</a>&nbsp;&nbsp;&nbsp;ip_reass_enqueue_new_datagram
</UL>

<P><STRONG><a name="[312bcb0]"></a>__aeabi_memclr8</STRONG> (Thumb, 0 bytes, Stack size 0 bytes, memseta.o(.text), UNUSED)

<P><STRONG><a name="[312bc74]"></a>_memset$wrapper</STRONG> (Thumb, 20 bytes, Stack size 8 bytes, memseta.o(.text), UNUSED)
<BR><BR>[Calls]<UL><LI><a href="#[312bddc]">&gt;&gt;</a>&nbsp;&nbsp;&nbsp;__aeabi_memset
</UL>

<P><STRONG><a name="[312b9a4]"></a>strlen</STRONG> (Thumb, 16 bytes, Stack size 0 bytes, strlen.o(.text))
<BR><BR>[Called By]<UL><LI><a href="#[1d7c7e8]">&gt;&gt;</a>&nbsp;&nbsp;&nbsp;tcp_client_reciver
<LI><a href="#[294a16c]">&gt;&gt;</a>&nbsp;&nbsp;&nbsp;tftp_construct_error_message
<LI><a href="#[2f53a18]">&gt;&gt;</a>&nbsp;&nbsp;&nbsp;dhcp_option_hostname
</UL>

<P><STRONG><a name="[312b7c4]"></a>memchr</STRONG> (Thumb, 20 bytes, Stack size 0 bytes, memchr.o(.text))
<BR><BR>[Called By]<UL><LI><a href="#[29438a8]">&gt;&gt;</a>&nbsp;&nbsp;&nbsp;ModbusSenttset
</UL>

<P><STRONG><a name="[312b6d4]"></a>memcmp</STRONG> (Thumb, 26 bytes, Stack size 12 bytes, memcmp.o(.text))
<BR><BR>[Stack]<UL><LI>Max Depth = 12<LI>Call Chain = memcmp
</UL>
<BR>[Called By]<UL><LI><a href="#[1d833b8]">&gt;&gt;</a>&nbsp;&nbsp;&nbsp;ethernet_input
</UL>

<P><STRONG><a name="[312b5e4]"></a>strcpy</STRONG> (Thumb, 18 bytes, Stack size 0 bytes, strcpy.o(.text))
<BR><BR>[Called By]<UL><LI><a href="#[2949cf8]">&gt;&gt;</a>&nbsp;&nbsp;&nbsp;tftp_set_errormsg
<LI><a href="#[2949e24]">&gt;&gt;</a>&nbsp;&nbsp;&nbsp;tftp_extract_filename
</UL>

<P><STRONG><a name="[312b4f4]"></a>strncmp</STRONG> (Thumb, 30 bytes, Stack size 12 bytes, strncmp.o(.text))
<BR><BR>[Stack]<UL><LI>Max Depth = 12<LI>Call Chain = strncmp
</UL>
<BR>[Called By]<UL><LI><a href="#[1d7c770]">&gt;&gt;</a>&nbsp;&nbsp;&nbsp;udp_client_callback
<LI><a href="#[1d7c7e8]">&gt;&gt;</a>&nbsp;&nbsp;&nbsp;tcp_client_reciver
</UL>

<P><STRONG><a name="[312115c]"></a>__aeabi_uidiv</STRONG> (Thumb, 0 bytes, Stack size 12 bytes, uidiv.o(.text), UNUSED)

<P><STRONG><a name="[3121120]"></a>__aeabi_uidivmod</STRONG> (Thumb, 44 bytes, Stack size 12 bytes, uidiv.o(.text), UNUSED)
<BR><BR>[Called By]<UL><LI><a href="#[3125a04]">&gt;&gt;</a>&nbsp;&nbsp;&nbsp;_printf_core
</UL>

<P><STRONG><a name="[322a17c]"></a>__scatterload</STRONG> (Thumb, 28 bytes, Stack size 0 bytes, init.o(.text))
<BR><BR>[Calls]<UL><LI><a href="#[3121558]">&gt;&gt;</a>&nbsp;&nbsp;&nbsp;__main_after_scatterload
</UL>
<BR>[Called By]<UL><LI><a href="#[3121594]">&gt;&gt;</a>&nbsp;&nbsp;&nbsp;_main_scatterload
</UL>

<P><STRONG><a name="[322a140]"></a>__scatterload_rt2</STRONG> (Thumb, 0 bytes, Stack size 0 bytes, init.o(.text), UNUSED)

<P><STRONG><a name="[322981c]"></a>__decompress</STRONG> (Thumb, 0 bytes, Stack size unknown bytes, __dczerorl2.o(.text), UNUSED)

<P><STRONG><a name="[32297e0]"></a>__decompress1</STRONG> (Thumb, 94 bytes, Stack size unknown bytes, __dczerorl2.o(.text), UNUSED)

<P><STRONG><a name="[1d81dec]"></a>BusFault_Handler</STRONG> (Thumb, 4 bytes, Stack size 0 bytes, stm32f10x_it.o(i.BusFault_Handler))
<BR>[Address Reference Count : 1]<UL><LI> startup_stm32f10x_cl.o(RESET)
</UL>
<P><STRONG><a name="[1d81db0]"></a>DebugMon_Handler</STRONG> (Thumb, 2 bytes, Stack size 0 bytes, stm32f10x_it.o(i.DebugMon_Handler))
<BR>[Address Reference Count : 1]<UL><LI> startup_stm32f10x_cl.o(RESET)
</UL>
<P><STRONG><a name="[1d81b94]"></a>ETH_DMAClearITPendingBit</STRONG> (Thumb, 6 bytes, Stack size 0 bytes, stm32_eth.o(i.ETH_DMAClearITPendingBit))
<BR><BR>[Called By]<UL><LI><a href="#[1d81d74]">&gt;&gt;</a>&nbsp;&nbsp;&nbsp;ETH_IRQHandler
</UL>

<P><STRONG><a name="[1d805c8]"></a>ETH_DMAITConfig</STRONG> (Thumb, 26 bytes, Stack size 0 bytes, stm32_eth.o(i.ETH_DMAITConfig))
<BR><BR>[Called By]<UL><LI><a href="#[1d807a8]">&gt;&gt;</a>&nbsp;&nbsp;&nbsp;Ethernet_Configuration
</UL>

<P><STRONG><a name="[2e87c98]"></a>ETH_DMAReceptionCmd</STRONG> (Thumb, 30 bytes, Stack size 0 bytes, stm32_eth.o(i.ETH_DMAReceptionCmd))
<BR><BR>[Called By]<UL><LI><a href="#[2e868ac]">&gt;&gt;</a>&nbsp;&nbsp;&nbsp;ETH_Start
</UL>

<P><STRONG><a name="[2e87c5c]"></a>ETH_DMARxDescChainInit</STRONG> (Thumb, 72 bytes, Stack size 12 bytes, stm32_eth.o(i.ETH_DMARxDescChainInit))
<BR><BR>[Stack]<UL><LI>Max Depth = 12<LI>Call Chain = ETH_DMARxDescChainInit
</UL>
<BR>[Called By]<UL><LI><a href="#[2fbfd5c]">&gt;&gt;</a>&nbsp;&nbsp;&nbsp;ETH_TxPkt_ChainMode
<LI><a href="#[2fc020c]">&gt;&gt;</a>&nbsp;&nbsp;&nbsp;low_level_init
</UL>

<P><STRONG><a name="[2e87be4]"></a>ETH_DMARxDescReceiveITConfig</STRONG> (Thumb, 22 bytes, Stack size 0 bytes, stm32_eth.o(i.ETH_DMARxDescReceiveITConfig))
<BR><BR>[Called By]<UL><LI><a href="#[2fbfd5c]">&gt;&gt;</a>&nbsp;&nbsp;&nbsp;ETH_TxPkt_ChainMode
<LI><a href="#[2fc020c]">&gt;&gt;</a>&nbsp;&nbsp;&nbsp;low_level_init
</UL>

<P><STRONG><a name="[2e87b30]"></a>ETH_DMATransmissionCmd</STRONG> (Thumb, 30 bytes, Stack size 0 bytes, stm32_eth.o(i.ETH_DMATransmissionCmd))
<BR><BR>[Called By]<UL><LI><a href="#[2e868ac]">&gt;&gt;</a>&nbsp;&nbsp;&nbsp;ETH_Start
</UL>

<P><STRONG><a name="[2e87a7c]"></a>ETH_DMATxDescChainInit</STRONG> (Thumb, 66 bytes, Stack size 12 bytes, stm32_eth.o(i.ETH_DMATxDescChainInit))
<BR><BR>[Stack]<UL><LI>Max Depth = 12<LI>Call Chain = ETH_DMATxDescChainInit
</UL>
<BR>[Called By]<UL><LI><a href="#[2fbfd5c]">&gt;&gt;</a>&nbsp;&nbsp;&nbsp;ETH_TxPkt_ChainMode
<LI><a href="#[2fc020c]">&gt;&gt;</a>&nbsp;&nbsp;&nbsp;low_level_init
</UL>

<P><STRONG><a name="[1d8058c]"></a>ETH_DeInit</STRONG> (Thumb, 22 bytes, Stack size 8 bytes, stm32_eth.o(i.ETH_DeInit))
<BR><BR>[Stack]<UL><LI>Max Depth = 8<LI>Call Chain = ETH_DeInit
</UL>
<BR>[Calls]<UL><LI><a href="#[2e209b8]">&gt;&gt;</a>&nbsp;&nbsp;&nbsp;RCC_AHBPeriphResetCmd
</UL>
<BR>[Called By]<UL><LI><a href="#[1d807a8]">&gt;&gt;</a>&nbsp;&nbsp;&nbsp;Ethernet_Configuration
</UL>

<P><STRONG><a name="[2e87770]"></a>ETH_FlushTransmitFIFO</STRONG> (Thumb, 14 bytes, Stack size 0 bytes, stm32_eth.o(i.ETH_FlushTransmitFIFO))
<BR><BR>[Called By]<UL><LI><a href="#[2e868ac]">&gt;&gt;</a>&nbsp;&nbsp;&nbsp;ETH_Start
</UL>

<P><STRONG><a name="[2fbfdd4]"></a>ETH_GetCurrentTxBuffer</STRONG> (Thumb, 8 bytes, Stack size 0 bytes, ethernetif.o(i.ETH_GetCurrentTxBuffer))
<BR><BR>[Called By]<UL><LI><a href="#[2fc0194]">&gt;&gt;</a>&nbsp;&nbsp;&nbsp;low_level_output
</UL>

<P><STRONG><a name="[2e874dc]"></a>ETH_GetDMARxDescFrameLength</STRONG> (Thumb, 10 bytes, Stack size 0 bytes, stm32_eth.o(i.ETH_GetDMARxDescFrameLength))
<BR><BR>[Called By]<UL><LI><a href="#[2e87158]">&gt;&gt;</a>&nbsp;&nbsp;&nbsp;ETH_GetRxPktSize
</UL>

<P><STRONG><a name="[2e87158]"></a>ETH_GetRxPktSize</STRONG> (Thumb, 66 bytes, Stack size 4 bytes, stm32_eth.o(i.ETH_GetRxPktSize))
<BR><BR>[Stack]<UL><LI>Max Depth = 4<LI>Call Chain = ETH_GetRxPktSize
</UL>
<BR>[Calls]<UL><LI><a href="#[2e874dc]">&gt;&gt;</a>&nbsp;&nbsp;&nbsp;ETH_GetDMARxDescFrameLength
</UL>
<BR>[Called By]<UL><LI><a href="#[1d8355c]">&gt;&gt;</a>&nbsp;&nbsp;&nbsp;ETH_Recive_Poll
</UL>

<P><STRONG><a name="[1d80550]"></a>ETH_GetSoftwareResetStatus</STRONG> (Thumb, 20 bytes, Stack size 0 bytes, stm32_eth.o(i.ETH_GetSoftwareResetStatus))
<BR><BR>[Called By]<UL><LI><a href="#[1d807a8]">&gt;&gt;</a>&nbsp;&nbsp;&nbsp;Ethernet_Configuration
</UL>

<P><STRONG><a name="[1d81d74]"></a>ETH_IRQHandler</STRONG> (Thumb, 18 bytes, Stack size 8 bytes, stm32f10x_it.o(i.ETH_IRQHandler))
<BR><BR>[Stack]<UL><LI>Max Depth = 8<LI>Call Chain = ETH_IRQHandler
</UL>
<BR>[Calls]<UL><LI><a href="#[1d81b94]">&gt;&gt;</a>&nbsp;&nbsp;&nbsp;ETH_DMAClearITPendingBit
</UL>
<BR>[Address Reference Count : 1]<UL><LI> startup_stm32f10x_cl.o(RESET)
</UL>
<P><STRONG><a name="[1d80514]"></a>ETH_Init</STRONG> (Thumb, 562 bytes, Stack size 56 bytes, stm32_eth.o(i.ETH_Init))
<BR><BR>[Stack]<UL><LI>Max Depth = 80<LI>Call Chain = ETH_Init &rArr; RCC_GetClocksFreq
</UL>
<BR>[Calls]<UL><LI><a href="#[1d80280]">&gt;&gt;</a>&nbsp;&nbsp;&nbsp;RCC_GetClocksFreq
<LI><a href="#[2e86834]">&gt;&gt;</a>&nbsp;&nbsp;&nbsp;ETH_WritePHYRegister
<LI><a href="#[2e86b40]">&gt;&gt;</a>&nbsp;&nbsp;&nbsp;ETH_ReadPHYRegister
<LI><a href="#[2e87fa4]">&gt;&gt;</a>&nbsp;&nbsp;&nbsp;ETH_Delay
</UL>
<BR>[Called By]<UL><LI><a href="#[1d807a8]">&gt;&gt;</a>&nbsp;&nbsp;&nbsp;Ethernet_Configuration
</UL>

<P><STRONG><a name="[2e86f3c]"></a>ETH_MACAddressConfig</STRONG> (Thumb, 46 bytes, Stack size 8 bytes, stm32_eth.o(i.ETH_MACAddressConfig))
<BR><BR>[Stack]<UL><LI>Max Depth = 8<LI>Call Chain = ETH_MACAddressConfig
</UL>
<BR>[Called By]<UL><LI><a href="#[1d83520]">&gt;&gt;</a>&nbsp;&nbsp;&nbsp;Set_MAC_Address
</UL>

<P><STRONG><a name="[2e86e10]"></a>ETH_MACReceptionCmd</STRONG> (Thumb, 30 bytes, Stack size 0 bytes, stm32_eth.o(i.ETH_MACReceptionCmd))
<BR><BR>[Called By]<UL><LI><a href="#[2e868ac]">&gt;&gt;</a>&nbsp;&nbsp;&nbsp;ETH_Start
</UL>

<P><STRONG><a name="[2e86dd4]"></a>ETH_MACTransmissionCmd</STRONG> (Thumb, 30 bytes, Stack size 0 bytes, stm32_eth.o(i.ETH_MACTransmissionCmd))
<BR><BR>[Called By]<UL><LI><a href="#[2e868ac]">&gt;&gt;</a>&nbsp;&nbsp;&nbsp;ETH_Start
</UL>

<P><STRONG><a name="[2e86b40]"></a>ETH_ReadPHYRegister</STRONG> (Thumb, 86 bytes, Stack size 8 bytes, stm32_eth.o(i.ETH_ReadPHYRegister))
<BR><BR>[Stack]<UL><LI>Max Depth = 8<LI>Call Chain = ETH_ReadPHYRegister
</UL>
<BR>[Called By]<UL><LI><a href="#[1d80514]">&gt;&gt;</a>&nbsp;&nbsp;&nbsp;ETH_Init
</UL>

<P><STRONG><a name="[1d8355c]"></a>ETH_Recive_Poll</STRONG> (Thumb, 38 bytes, Stack size 8 bytes, ethernetif.o(i.ETH_Recive_Poll))
<BR><BR>[Stack]<UL><LI>Max Depth = 164<LI>Call Chain = ETH_Recive_Poll &rArr; LwIP_Pkt_Handle &rArr; ethernetif_input &rArr; low_level_input &rArr; pbuf_alloc &rArr; pbuf_free &rArr; mem_free &rArr; plug_holes
</UL>
<BR>[Calls]<UL><LI><a href="#[1d83598]">&gt;&gt;</a>&nbsp;&nbsp;&nbsp;LwIP_Pkt_Handle
<LI><a href="#[2e87158]">&gt;&gt;</a>&nbsp;&nbsp;&nbsp;ETH_GetRxPktSize
<LI><a href="#[2fbfd20]">&gt;&gt;</a>&nbsp;&nbsp;&nbsp;Read_Eth_Packet
</UL>
<BR>[Called By]<UL><LI><a href="#[1d835d4]">&gt;&gt;</a>&nbsp;&nbsp;&nbsp;LwIP_Periodic_Handle
</UL>

<P><STRONG><a name="[2fbfd98]"></a>ETH_RxPkt_ChainMode</STRONG> (Thumb, 150 bytes, Stack size 20 bytes, ethernetif.o(i.ETH_RxPkt_ChainMode))
<BR><BR>[Stack]<UL><LI>Max Depth = 20<LI>Call Chain = ETH_RxPkt_ChainMode
</UL>
<BR>[Called By]<UL><LI><a href="#[2fbfd20]">&gt;&gt;</a>&nbsp;&nbsp;&nbsp;Read_Eth_Packet
</UL>

<P><STRONG><a name="[1d804d8]"></a>ETH_SoftwareReset</STRONG> (Thumb, 14 bytes, Stack size 0 bytes, stm32_eth.o(i.ETH_SoftwareReset))
<BR><BR>[Called By]<UL><LI><a href="#[1d807a8]">&gt;&gt;</a>&nbsp;&nbsp;&nbsp;Ethernet_Configuration
</UL>

<P><STRONG><a name="[2e868ac]"></a>ETH_Start</STRONG> (Thumb, 32 bytes, Stack size 4 bytes, stm32_eth.o(i.ETH_Start))
<BR><BR>[Stack]<UL><LI>Max Depth = 4<LI>Call Chain = ETH_Start
</UL>
<BR>[Calls]<UL><LI><a href="#[2e86dd4]">&gt;&gt;</a>&nbsp;&nbsp;&nbsp;ETH_MACTransmissionCmd
<LI><a href="#[2e86e10]">&gt;&gt;</a>&nbsp;&nbsp;&nbsp;ETH_MACReceptionCmd
<LI><a href="#[2e87770]">&gt;&gt;</a>&nbsp;&nbsp;&nbsp;ETH_FlushTransmitFIFO
<LI><a href="#[2e87b30]">&gt;&gt;</a>&nbsp;&nbsp;&nbsp;ETH_DMATransmissionCmd
<LI><a href="#[2e87c98]">&gt;&gt;</a>&nbsp;&nbsp;&nbsp;ETH_DMAReceptionCmd
</UL>
<BR>[Called By]<UL><LI><a href="#[2fbfd5c]">&gt;&gt;</a>&nbsp;&nbsp;&nbsp;ETH_TxPkt_ChainMode
<LI><a href="#[2fc020c]">&gt;&gt;</a>&nbsp;&nbsp;&nbsp;low_level_init
</UL>

<P><STRONG><a name="[1d8049c]"></a>ETH_StructInit</STRONG> (Thumb, 164 bytes, Stack size 0 bytes, stm32_eth.o(i.ETH_StructInit))
<BR><BR>[Called By]<UL><LI><a href="#[1d807a8]">&gt;&gt;</a>&nbsp;&nbsp;&nbsp;Ethernet_Configuration
</UL>

<P><STRONG><a name="[2fbfd5c]"></a>ETH_TxPkt_ChainMode</STRONG> (Thumb, 152 bytes, Stack size 16 bytes, ethernetif.o(i.ETH_TxPkt_ChainMode))
<BR><BR>[Stack]<UL><LI>Max Depth = 288<LI>Call Chain = ETH_TxPkt_ChainMode &rArr; Ethernet_Configuration &rArr; ETH_Init &rArr; RCC_GetClocksFreq
</UL>
<BR>[Calls]<UL><LI><a href="#[1d807a8]">&gt;&gt;</a>&nbsp;&nbsp;&nbsp;Ethernet_Configuration
<LI><a href="#[1d83520]">&gt;&gt;</a>&nbsp;&nbsp;&nbsp;Set_MAC_Address
<LI><a href="#[2e868ac]">&gt;&gt;</a>&nbsp;&nbsp;&nbsp;ETH_Start
<LI><a href="#[2e87a7c]">&gt;&gt;</a>&nbsp;&nbsp;&nbsp;ETH_DMATxDescChainInit
<LI><a href="#[2e87be4]">&gt;&gt;</a>&nbsp;&nbsp;&nbsp;ETH_DMARxDescReceiveITConfig
<LI><a href="#[2e87c5c]">&gt;&gt;</a>&nbsp;&nbsp;&nbsp;ETH_DMARxDescChainInit
</UL>
<BR>[Called By]<UL><LI><a href="#[2fc0194]">&gt;&gt;</a>&nbsp;&nbsp;&nbsp;low_level_output
</UL>

<P><STRONG><a name="[2e86834]"></a>ETH_WritePHYRegister</STRONG> (Thumb, 84 bytes, Stack size 12 bytes, stm32_eth.o(i.ETH_WritePHYRegister))
<BR><BR>[Stack]<UL><LI>Max Depth = 12<LI>Call Chain = ETH_WritePHYRegister
</UL>
<BR>[Called By]<UL><LI><a href="#[1d80514]">&gt;&gt;</a>&nbsp;&nbsp;&nbsp;ETH_Init
</UL>

<P><STRONG><a name="[30b10c4]"></a>EnterCriticalSection</STRONG> (Thumb, 4 bytes, Stack size 0 bytes, port.o(i.EnterCriticalSection))
<BR><BR>[Called By]<UL><LI><a href="#[30b0ee4]">&gt;&gt;</a>&nbsp;&nbsp;&nbsp;xMBMasterPortSerialInit
<LI><a href="#[30b2ce4]">&gt;&gt;</a>&nbsp;&nbsp;&nbsp;eMBMasterRTUStop
<LI><a href="#[30b2d20]">&gt;&gt;</a>&nbsp;&nbsp;&nbsp;eMBMasterRTUStart
<LI><a href="#[30b2d5c]">&gt;&gt;</a>&nbsp;&nbsp;&nbsp;eMBMasterRTUSend
<LI><a href="#[30b2d98]">&gt;&gt;</a>&nbsp;&nbsp;&nbsp;eMBMasterRTUReceive
<LI><a href="#[30b2dd4]">&gt;&gt;</a>&nbsp;&nbsp;&nbsp;eMBMasterRTUInit
</UL>

<P><STRONG><a name="[1d807a8]"></a>Ethernet_Configuration</STRONG> (Thumb, 130 bytes, Stack size 192 bytes, stm32f107.o(i.Ethernet_Configuration))
<BR><BR>[Stack]<UL><LI>Max Depth = 272<LI>Call Chain = Ethernet_Configuration &rArr; ETH_Init &rArr; RCC_GetClocksFreq
</UL>
<BR>[Calls]<UL><LI><a href="#[1d80244]">&gt;&gt;</a>&nbsp;&nbsp;&nbsp;RCC_MCOConfig
<LI><a href="#[1d80460]">&gt;&gt;</a>&nbsp;&nbsp;&nbsp;GPIO_ETH_MediaInterfaceConfig
<LI><a href="#[1d8049c]">&gt;&gt;</a>&nbsp;&nbsp;&nbsp;ETH_StructInit
<LI><a href="#[1d804d8]">&gt;&gt;</a>&nbsp;&nbsp;&nbsp;ETH_SoftwareReset
<LI><a href="#[1d80514]">&gt;&gt;</a>&nbsp;&nbsp;&nbsp;ETH_Init
<LI><a href="#[1d80550]">&gt;&gt;</a>&nbsp;&nbsp;&nbsp;ETH_GetSoftwareResetStatus
<LI><a href="#[1d8058c]">&gt;&gt;</a>&nbsp;&nbsp;&nbsp;ETH_DeInit
<LI><a href="#[1d805c8]">&gt;&gt;</a>&nbsp;&nbsp;&nbsp;ETH_DMAITConfig
</UL>
<BR>[Called By]<UL><LI><a href="#[1d806f4]">&gt;&gt;</a>&nbsp;&nbsp;&nbsp;System_Setup
<LI><a href="#[2fbfd5c]">&gt;&gt;</a>&nbsp;&nbsp;&nbsp;ETH_TxPkt_ChainMode
</UL>

<P><STRONG><a name="[30b1088]"></a>ExitCriticalSection</STRONG> (Thumb, 4 bytes, Stack size 0 bytes, port.o(i.ExitCriticalSection))
<BR><BR>[Called By]<UL><LI><a href="#[30b0ee4]">&gt;&gt;</a>&nbsp;&nbsp;&nbsp;xMBMasterPortSerialInit
<LI><a href="#[30b2ce4]">&gt;&gt;</a>&nbsp;&nbsp;&nbsp;eMBMasterRTUStop
<LI><a href="#[30b2d20]">&gt;&gt;</a>&nbsp;&nbsp;&nbsp;eMBMasterRTUStart
<LI><a href="#[30b2d5c]">&gt;&gt;</a>&nbsp;&nbsp;&nbsp;eMBMasterRTUSend
<LI><a href="#[30b2d98]">&gt;&gt;</a>&nbsp;&nbsp;&nbsp;eMBMasterRTUReceive
<LI><a href="#[30b2dd4]">&gt;&gt;</a>&nbsp;&nbsp;&nbsp;eMBMasterRTUInit
</UL>

<P><STRONG><a name="[2986590]"></a>FLASH_ErasePage</STRONG> (Thumb, 72 bytes, Stack size 12 bytes, stm32f10x_flash.o(i.FLASH_ErasePage))
<BR><BR>[Stack]<UL><LI>Max Depth = 16<LI>Call Chain = FLASH_ErasePage &rArr; FLASH_WaitForLastOperation
</UL>
<BR>[Calls]<UL><LI><a href="#[2986068]">&gt;&gt;</a>&nbsp;&nbsp;&nbsp;FLASH_WaitForLastOperation
</UL>
<BR>[Called By]<UL><LI><a href="#[1d7c4a0]">&gt;&gt;</a>&nbsp;&nbsp;&nbsp;WriteIpToFlash
<LI><a href="#[1d7c680]">&gt;&gt;</a>&nbsp;&nbsp;&nbsp;GetIpFromFlash
</UL>

<P><STRONG><a name="[2986554]"></a>FLASH_GetBank1Status</STRONG> (Thumb, 50 bytes, Stack size 0 bytes, stm32f10x_flash.o(i.FLASH_GetBank1Status))
<BR><BR>[Called By]<UL><LI><a href="#[2986068]">&gt;&gt;</a>&nbsp;&nbsp;&nbsp;FLASH_WaitForLastOperation
</UL>

<P><STRONG><a name="[312d0d8]"></a>FLASH_If_DataFlashRead</STRONG> (Thumb, 34 bytes, Stack size 8 bytes, flash_if.o(i.FLASH_If_DataFlashRead))
<BR><BR>[Stack]<UL><LI>Max Depth = 8<LI>Call Chain = FLASH_If_DataFlashRead
</UL>
<BR>[Called By]<UL><LI><a href="#[1d7c680]">&gt;&gt;</a>&nbsp;&nbsp;&nbsp;GetIpFromFlash
</UL>

<P><STRONG><a name="[312d09c]"></a>FLASH_If_DataFlashWrite</STRONG> (Thumb, 60 bytes, Stack size 24 bytes, flash_if.o(i.FLASH_If_DataFlashWrite))
<BR><BR>[Stack]<UL><LI>Max Depth = 48<LI>Call Chain = FLASH_If_DataFlashWrite &rArr; FLASH_ProgramWord &rArr; FLASH_WaitForLastOperation
</UL>
<BR>[Calls]<UL><LI><a href="#[298620c]">&gt;&gt;</a>&nbsp;&nbsp;&nbsp;FLASH_ProgramWord
</UL>
<BR>[Called By]<UL><LI><a href="#[1d7c4a0]">&gt;&gt;</a>&nbsp;&nbsp;&nbsp;WriteIpToFlash
<LI><a href="#[1d7c680]">&gt;&gt;</a>&nbsp;&nbsp;&nbsp;GetIpFromFlash
</UL>

<P><STRONG><a name="[312d024]"></a>FLASH_If_Init</STRONG> (Thumb, 12 bytes, Stack size 8 bytes, flash_if.o(i.FLASH_If_Init))
<BR><BR>[Stack]<UL><LI>Max Depth = 8<LI>Call Chain = FLASH_If_Init
</UL>
<BR>[Calls]<UL><LI><a href="#[2986158]">&gt;&gt;</a>&nbsp;&nbsp;&nbsp;FLASH_Unlock
</UL>
<BR>[Called By]<UL><LI><a href="#[1d7c4a0]">&gt;&gt;</a>&nbsp;&nbsp;&nbsp;WriteIpToFlash
<LI><a href="#[1d7c680]">&gt;&gt;</a>&nbsp;&nbsp;&nbsp;GetIpFromFlash
</UL>

<P><STRONG><a name="[298620c]"></a>FLASH_ProgramWord</STRONG> (Thumb, 96 bytes, Stack size 20 bytes, stm32f10x_flash.o(i.FLASH_ProgramWord))
<BR><BR>[Stack]<UL><LI>Max Depth = 24<LI>Call Chain = FLASH_ProgramWord &rArr; FLASH_WaitForLastOperation
</UL>
<BR>[Calls]<UL><LI><a href="#[2986068]">&gt;&gt;</a>&nbsp;&nbsp;&nbsp;FLASH_WaitForLastOperation
</UL>
<BR>[Called By]<UL><LI><a href="#[312d09c]">&gt;&gt;</a>&nbsp;&nbsp;&nbsp;FLASH_If_DataFlashWrite
</UL>

<P><STRONG><a name="[2986158]"></a>FLASH_Unlock</STRONG> (Thumb, 12 bytes, Stack size 0 bytes, stm32f10x_flash.o(i.FLASH_Unlock))
<BR><BR>[Called By]<UL><LI><a href="#[312d024]">&gt;&gt;</a>&nbsp;&nbsp;&nbsp;FLASH_If_Init
</UL>

<P><STRONG><a name="[2986068]"></a>FLASH_WaitForLastOperation</STRONG> (Thumb, 38 bytes, Stack size 4 bytes, stm32f10x_flash.o(i.FLASH_WaitForLastOperation))
<BR><BR>[Stack]<UL><LI>Max Depth = 4<LI>Call Chain = FLASH_WaitForLastOperation
</UL>
<BR>[Calls]<UL><LI><a href="#[2986554]">&gt;&gt;</a>&nbsp;&nbsp;&nbsp;FLASH_GetBank1Status
</UL>
<BR>[Called By]<UL><LI><a href="#[298620c]">&gt;&gt;</a>&nbsp;&nbsp;&nbsp;FLASH_ProgramWord
<LI><a href="#[2986590]">&gt;&gt;</a>&nbsp;&nbsp;&nbsp;FLASH_ErasePage
</UL>

<P><STRONG><a name="[1d7c6bc]"></a>FS_Write</STRONG> (Thumb, 4 bytes, Stack size 0 bytes, filesystem.o(i.FS_Write))
<BR><BR>[Called By]<UL><LI><a href="#[1d7c98c]">&gt;&gt;</a>&nbsp;&nbsp;&nbsp;TcpTestThread
</UL>

<P><STRONG><a name="[1d8076c]"></a>GPIO_Configuration</STRONG> (Thumb, 250 bytes, Stack size 8 bytes, stm32f107.o(i.GPIO_Configuration))
<BR><BR>[Stack]<UL><LI>Max Depth = 32<LI>Call Chain = GPIO_Configuration &rArr; GPIO_Init
</UL>
<BR>[Calls]<UL><LI><a href="#[1d803e8]">&gt;&gt;</a>&nbsp;&nbsp;&nbsp;GPIO_PinRemapConfig
<LI><a href="#[1d80424]">&gt;&gt;</a>&nbsp;&nbsp;&nbsp;GPIO_Init
</UL>
<BR>[Called By]<UL><LI><a href="#[1d806f4]">&gt;&gt;</a>&nbsp;&nbsp;&nbsp;System_Setup
</UL>

<P><STRONG><a name="[1d80460]"></a>GPIO_ETH_MediaInterfaceConfig</STRONG> (Thumb, 6 bytes, Stack size 0 bytes, stm32f10x_gpio.o(i.GPIO_ETH_MediaInterfaceConfig))
<BR><BR>[Called By]<UL><LI><a href="#[1d807a8]">&gt;&gt;</a>&nbsp;&nbsp;&nbsp;Ethernet_Configuration
</UL>

<P><STRONG><a name="[1d80424]"></a>GPIO_Init</STRONG> (Thumb, 272 bytes, Stack size 24 bytes, stm32f10x_gpio.o(i.GPIO_Init))
<BR><BR>[Stack]<UL><LI>Max Depth = 24<LI>Call Chain = GPIO_Init
</UL>
<BR>[Called By]<UL><LI><a href="#[1d8076c]">&gt;&gt;</a>&nbsp;&nbsp;&nbsp;GPIO_Configuration
<LI><a href="#[30b0ee4]">&gt;&gt;</a>&nbsp;&nbsp;&nbsp;xMBMasterPortSerialInit
<LI><a href="#[30bb6b4]">&gt;&gt;</a>&nbsp;&nbsp;&nbsp;SPI_Config
</UL>

<P><STRONG><a name="[1d803e8]"></a>GPIO_PinRemapConfig</STRONG> (Thumb, 136 bytes, Stack size 20 bytes, stm32f10x_gpio.o(i.GPIO_PinRemapConfig))
<BR><BR>[Stack]<UL><LI>Max Depth = 20<LI>Call Chain = GPIO_PinRemapConfig
</UL>
<BR>[Called By]<UL><LI><a href="#[1d8076c]">&gt;&gt;</a>&nbsp;&nbsp;&nbsp;GPIO_Configuration
<LI><a href="#[30b0ee4]">&gt;&gt;</a>&nbsp;&nbsp;&nbsp;xMBMasterPortSerialInit
</UL>

<P><STRONG><a name="[29462d8]"></a>GPIO_ResetBits</STRONG> (Thumb, 4 bytes, Stack size 0 bytes, stm32f10x_gpio.o(i.GPIO_ResetBits))
<BR><BR>[Called By]<UL><LI><a href="#[30b104c]">&gt;&gt;</a>&nbsp;&nbsp;&nbsp;vMBMasterPortSerialEnable
<LI><a href="#[30bc2a8]">&gt;&gt;</a>&nbsp;&nbsp;&nbsp;if_spiSend
</UL>

<P><STRONG><a name="[294629c]"></a>GPIO_SetBits</STRONG> (Thumb, 4 bytes, Stack size 0 bytes, stm32f10x_gpio.o(i.GPIO_SetBits))
<BR><BR>[Called By]<UL><LI><a href="#[30b104c]">&gt;&gt;</a>&nbsp;&nbsp;&nbsp;vMBMasterPortSerialEnable
<LI><a href="#[30bb510]">&gt;&gt;</a>&nbsp;&nbsp;&nbsp;if_spiInit
<LI><a href="#[30bc2a8]">&gt;&gt;</a>&nbsp;&nbsp;&nbsp;if_spiSend
</UL>

<P><STRONG><a name="[1d7c680]"></a>GetIpFromFlash</STRONG> (Thumb, 106 bytes, Stack size 24 bytes, flash_if.o(i.GetIpFromFlash))
<BR><BR>[Stack]<UL><LI>Max Depth = 72<LI>Call Chain = GetIpFromFlash &rArr; FLASH_If_DataFlashWrite &rArr; FLASH_ProgramWord &rArr; FLASH_WaitForLastOperation
</UL>
<BR>[Calls]<UL><LI><a href="#[2986590]">&gt;&gt;</a>&nbsp;&nbsp;&nbsp;FLASH_ErasePage
<LI><a href="#[312d024]">&gt;&gt;</a>&nbsp;&nbsp;&nbsp;FLASH_If_Init
<LI><a href="#[312d09c]">&gt;&gt;</a>&nbsp;&nbsp;&nbsp;FLASH_If_DataFlashWrite
<LI><a href="#[312d0d8]">&gt;&gt;</a>&nbsp;&nbsp;&nbsp;FLASH_If_DataFlashRead
</UL>
<BR>[Called By]<UL><LI><a href="#[1d7c770]">&gt;&gt;</a>&nbsp;&nbsp;&nbsp;udp_client_callback
<LI><a href="#[1d7c7e8]">&gt;&gt;</a>&nbsp;&nbsp;&nbsp;tcp_client_reciver
<LI><a href="#[2943a10]">&gt;&gt;</a>&nbsp;&nbsp;&nbsp;main
</UL>

<P><STRONG><a name="[1d8364c]"></a>GetMacAddr</STRONG> (Thumb, 56 bytes, Stack size 0 bytes, netconf.o(i.GetMacAddr))
<BR><BR>[Called By]<UL><LI><a href="#[1d83610]">&gt;&gt;</a>&nbsp;&nbsp;&nbsp;LwIP_Init
</UL>

<P><STRONG><a name="[1d7c644]"></a>Getmeminf</STRONG> (Thumb, 264 bytes, Stack size 24 bytes, mem.o(i.Getmeminf))
<BR><BR>[Stack]<UL><LI>Max Depth = 48<LI>Call Chain = Getmeminf &rArr; __2sprintf
</UL>
<BR>[Calls]<UL><LI><a href="#[3125644]">&gt;&gt;</a>&nbsp;&nbsp;&nbsp;__2sprintf
<LI><a href="#[312bf44]">&gt;&gt;</a>&nbsp;&nbsp;&nbsp;__aeabi_memcpy
</UL>
<BR>[Called By]<UL><LI><a href="#[1d7c7e8]">&gt;&gt;</a>&nbsp;&nbsp;&nbsp;tcp_client_reciver
</UL>

<P><STRONG><a name="[1d81d38]"></a>HardFault_Handler</STRONG> (Thumb, 10 bytes, Stack size 8 bytes, stm32f10x_it.o(i.HardFault_Handler))
<BR><BR>[Stack]<UL><LI>Max Depth = 8<LI>Call Chain = HardFault_Handler
</UL>
<BR>[Calls]<UL><LI><a href="#[1d81e28]">&gt;&gt;</a>&nbsp;&nbsp;&nbsp;wait
</UL>
<BR>[Address Reference Count : 1]<UL><LI> startup_stm32f10x_cl.o(RESET)
</UL>
<P><STRONG><a name="[29439d4]"></a>IWDG_Enable</STRONG> (Thumb, 10 bytes, Stack size 0 bytes, stm32f10x_iwdg.o(i.IWDG_Enable))
<BR><BR>[Called By]<UL><LI><a href="#[2943a4c]">&gt;&gt;</a>&nbsp;&nbsp;&nbsp;WatchDogInit
</UL>

<P><STRONG><a name="[2943998]"></a>IWDG_ReloadCounter</STRONG> (Thumb, 10 bytes, Stack size 0 bytes, stm32f10x_iwdg.o(i.IWDG_ReloadCounter))
<BR><BR>[Called By]<UL><LI><a href="#[2943ac4]">&gt;&gt;</a>&nbsp;&nbsp;&nbsp;KeepWatchDogLive
</UL>

<P><STRONG><a name="[294395c]"></a>IWDG_SetPrescaler</STRONG> (Thumb, 6 bytes, Stack size 0 bytes, stm32f10x_iwdg.o(i.IWDG_SetPrescaler))
<BR><BR>[Called By]<UL><LI><a href="#[2943a4c]">&gt;&gt;</a>&nbsp;&nbsp;&nbsp;WatchDogInit
</UL>

<P><STRONG><a name="[2943920]"></a>IWDG_SetReload</STRONG> (Thumb, 6 bytes, Stack size 0 bytes, stm32f10x_iwdg.o(i.IWDG_SetReload))
<BR><BR>[Called By]<UL><LI><a href="#[2943a4c]">&gt;&gt;</a>&nbsp;&nbsp;&nbsp;WatchDogInit
</UL>

<P><STRONG><a name="[29438e4]"></a>IWDG_WriteAccessCmd</STRONG> (Thumb, 6 bytes, Stack size 0 bytes, stm32f10x_iwdg.o(i.IWDG_WriteAccessCmd))
<BR><BR>[Called By]<UL><LI><a href="#[2943a4c]">&gt;&gt;</a>&nbsp;&nbsp;&nbsp;WatchDogInit
</UL>

<P><STRONG><a name="[2943b00]"></a>InitTIM</STRONG> (Thumb, 154 bytes, Stack size 24 bytes, main.o(i.InitTIM))
<BR><BR>[Stack]<UL><LI>Max Depth = 40<LI>Call Chain = InitTIM &rArr; NVIC_Init
</UL>
<BR>[Calls]<UL><LI><a href="#[1d7c608]">&gt;&gt;</a>&nbsp;&nbsp;&nbsp;RCC_APB1PeriphClockCmd
<LI><a href="#[1d80370]">&gt;&gt;</a>&nbsp;&nbsp;&nbsp;NVIC_PriorityGroupConfig
<LI><a href="#[1d803ac]">&gt;&gt;</a>&nbsp;&nbsp;&nbsp;NVIC_Init
<LI><a href="#[29436c8]">&gt;&gt;</a>&nbsp;&nbsp;&nbsp;TIM_TimeBaseInit
<LI><a href="#[2943704]">&gt;&gt;</a>&nbsp;&nbsp;&nbsp;TIM_SetCounter
<LI><a href="#[2943740]">&gt;&gt;</a>&nbsp;&nbsp;&nbsp;TIM_ITConfig
<LI><a href="#[29437b8]">&gt;&gt;</a>&nbsp;&nbsp;&nbsp;TIM_Cmd
<LI><a href="#[29437f4]">&gt;&gt;</a>&nbsp;&nbsp;&nbsp;TIM_ClearITPendingBit
<LI><a href="#[294386c]">&gt;&gt;</a>&nbsp;&nbsp;&nbsp;TIM_ARRPreloadConfig
</UL>
<BR>[Called By]<UL><LI><a href="#[2943a10]">&gt;&gt;</a>&nbsp;&nbsp;&nbsp;main
</UL>

<P><STRONG><a name="[2943ac4]"></a>KeepWatchDogLive</STRONG> (Thumb, 8 bytes, Stack size 8 bytes, main.o(i.KeepWatchDogLive))
<BR><BR>[Stack]<UL><LI>Max Depth = 8<LI>Call Chain = KeepWatchDogLive
</UL>
<BR>[Calls]<UL><LI><a href="#[2943998]">&gt;&gt;</a>&nbsp;&nbsp;&nbsp;IWDG_ReloadCounter
</UL>
<BR>[Called By]<UL><LI><a href="#[2943a10]">&gt;&gt;</a>&nbsp;&nbsp;&nbsp;main
</UL>

<P><STRONG><a name="[1d83610]"></a>LwIP_Init</STRONG> (Thumb, 74 bytes, Stack size 32 bytes, netconf.o(i.LwIP_Init))
<BR><BR>[Stack]<UL><LI>Max Depth = 540<LI>Call Chain = LwIP_Init &rArr; netif_add &rArr; netif_set_addr &rArr; netif_set_ipaddr &rArr; tcp_abort &rArr; tcp_abandon &rArr; tcp_pcb_remove &rArr; tcp_output &rArr; tcp_output_segment &rArr; ip_output &rArr; ip_output_if &rArr; ip_frag &rArr; pbuf_alloc &rArr; pbuf_free &rArr; mem_free &rArr; plug_holes
</UL>
<BR>[Calls]<UL><LI><a href="#[1d83214]">&gt;&gt;</a>&nbsp;&nbsp;&nbsp;netif_set_up
<LI><a href="#[1d83250]">&gt;&gt;</a>&nbsp;&nbsp;&nbsp;netif_set_default
<LI><a href="#[1d8328c]">&gt;&gt;</a>&nbsp;&nbsp;&nbsp;netif_add
<LI><a href="#[1d832c8]">&gt;&gt;</a>&nbsp;&nbsp;&nbsp;memp_init
<LI><a href="#[1d83304]">&gt;&gt;</a>&nbsp;&nbsp;&nbsp;mem_init
<LI><a href="#[1d83430]">&gt;&gt;</a>&nbsp;&nbsp;&nbsp;dhcp_start
<LI><a href="#[1d83520]">&gt;&gt;</a>&nbsp;&nbsp;&nbsp;Set_MAC_Address
<LI><a href="#[1d8364c]">&gt;&gt;</a>&nbsp;&nbsp;&nbsp;GetMacAddr
</UL>
<BR>[Called By]<UL><LI><a href="#[2943a10]">&gt;&gt;</a>&nbsp;&nbsp;&nbsp;main
</UL>

<P><STRONG><a name="[1d835d4]"></a>LwIP_Periodic_Handle</STRONG> (Thumb, 96 bytes, Stack size 8 bytes, netconf.o(i.LwIP_Periodic_Handle))
<BR><BR>[Stack]<UL><LI>Max Depth = 932<LI>Call Chain = LwIP_Periodic_Handle &rArr; TftpTrm250ms &rArr; tftp_send_error_message &rArr; tftp_send_message &rArr; udp_sendto &rArr; udp_sendto_if &rArr; ip_output_if &rArr; ip_frag &rArr; pbuf_alloc &rArr; pbuf_free &rArr; mem_free &rArr; plug_holes
</UL>
<BR>[Calls]<UL><LI><a href="#[1d831d8]">&gt;&gt;</a>&nbsp;&nbsp;&nbsp;tcp_tmr
<LI><a href="#[1d833f4]">&gt;&gt;</a>&nbsp;&nbsp;&nbsp;etharp_tmr
<LI><a href="#[1d8346c]">&gt;&gt;</a>&nbsp;&nbsp;&nbsp;dhcp_fine_tmr
<LI><a href="#[1d834a8]">&gt;&gt;</a>&nbsp;&nbsp;&nbsp;dhcp_coarse_tmr
<LI><a href="#[1d834e4]">&gt;&gt;</a>&nbsp;&nbsp;&nbsp;TftpTrm250ms
<LI><a href="#[1d8355c]">&gt;&gt;</a>&nbsp;&nbsp;&nbsp;ETH_Recive_Poll
</UL>
<BR>[Called By]<UL><LI><a href="#[2943a10]">&gt;&gt;</a>&nbsp;&nbsp;&nbsp;main
</UL>

<P><STRONG><a name="[1d83598]"></a>LwIP_Pkt_Handle</STRONG> (Thumb, 10 bytes, Stack size 8 bytes, netconf.o(i.LwIP_Pkt_Handle))
<BR><BR>[Stack]<UL><LI>Max Depth = 156<LI>Call Chain = LwIP_Pkt_Handle &rArr; ethernetif_input &rArr; low_level_input &rArr; pbuf_alloc &rArr; pbuf_free &rArr; mem_free &rArr; plug_holes
</UL>
<BR>[Calls]<UL><LI><a href="#[1d83340]">&gt;&gt;</a>&nbsp;&nbsp;&nbsp;ethernetif_input
</UL>
<BR>[Called By]<UL><LI><a href="#[1d8355c]">&gt;&gt;</a>&nbsp;&nbsp;&nbsp;ETH_Recive_Poll
</UL>

<P><STRONG><a name="[30afeb8]"></a>Master_Send</STRONG> (Thumb, 62 bytes, Stack size 24 bytes, modbus_main.o(i.Master_Send))
<BR><BR>[Stack]<UL><LI>Max Depth = 84<LI>Call Chain = Master_Send &rArr; eMBMasterRTUSend &rArr; vMBMasterPortSerialEnable &rArr; USART_ITConfig
</UL>
<BR>[Calls]<UL><LI><a href="#[30b2c6c]">&gt;&gt;</a>&nbsp;&nbsp;&nbsp;vMBMasterGetPDUSndBuf
<LI><a href="#[30b2d5c]">&gt;&gt;</a>&nbsp;&nbsp;&nbsp;eMBMasterRTUSend
</UL>
<BR>[Called By]<UL><LI><a href="#[29438a8]">&gt;&gt;</a>&nbsp;&nbsp;&nbsp;ModbusSenttset
</UL>

<P><STRONG><a name="[1d81cfc]"></a>MemManage_Handler</STRONG> (Thumb, 4 bytes, Stack size 0 bytes, stm32f10x_it.o(i.MemManage_Handler))
<BR>[Address Reference Count : 1]<UL><LI> startup_stm32f10x_cl.o(RESET)
</UL>
<P><STRONG><a name="[29438a8]"></a>ModbusSenttset</STRONG> (Thumb, 410 bytes, Stack size 40 bytes, modbus_main.o(i.ModbusSenttset))
<BR><BR>[Stack]<UL><LI>Max Depth = 124<LI>Call Chain = ModbusSenttset &rArr; Master_Send &rArr; eMBMasterRTUSend &rArr; vMBMasterPortSerialEnable &rArr; USART_ITConfig
</UL>
<BR>[Calls]<UL><LI><a href="#[30afeb8]">&gt;&gt;</a>&nbsp;&nbsp;&nbsp;Master_Send
<LI><a href="#[312b7c4]">&gt;&gt;</a>&nbsp;&nbsp;&nbsp;memchr
<LI><a href="#[312bf44]">&gt;&gt;</a>&nbsp;&nbsp;&nbsp;__aeabi_memcpy
</UL>
<BR>[Called By]<UL><LI><a href="#[2943a10]">&gt;&gt;</a>&nbsp;&nbsp;&nbsp;main
</UL>

<P><STRONG><a name="[1d81cc0]"></a>NMI_Handler</STRONG> (Thumb, 2 bytes, Stack size 0 bytes, stm32f10x_it.o(i.NMI_Handler))
<BR>[Address Reference Count : 1]<UL><LI> startup_stm32f10x_cl.o(RESET)
</UL>
<P><STRONG><a name="[1d80730]"></a>NVIC_Configuration</STRONG> (Thumb, 62 bytes, Stack size 8 bytes, stm32f107.o(i.NVIC_Configuration))
<BR><BR>[Stack]<UL><LI>Max Depth = 24<LI>Call Chain = NVIC_Configuration &rArr; NVIC_Init
</UL>
<BR>[Calls]<UL><LI><a href="#[1d80334]">&gt;&gt;</a>&nbsp;&nbsp;&nbsp;NVIC_SetVectorTable
<LI><a href="#[1d80370]">&gt;&gt;</a>&nbsp;&nbsp;&nbsp;NVIC_PriorityGroupConfig
<LI><a href="#[1d803ac]">&gt;&gt;</a>&nbsp;&nbsp;&nbsp;NVIC_Init
</UL>
<BR>[Called By]<UL><LI><a href="#[1d806f4]">&gt;&gt;</a>&nbsp;&nbsp;&nbsp;System_Setup
</UL>

<P><STRONG><a name="[1d803ac]"></a>NVIC_Init</STRONG> (Thumb, 118 bytes, Stack size 16 bytes, misc.o(i.NVIC_Init))
<BR><BR>[Stack]<UL><LI>Max Depth = 16<LI>Call Chain = NVIC_Init
</UL>
<BR>[Called By]<UL><LI><a href="#[1d80730]">&gt;&gt;</a>&nbsp;&nbsp;&nbsp;NVIC_Configuration
<LI><a href="#[2943b00]">&gt;&gt;</a>&nbsp;&nbsp;&nbsp;InitTIM
<LI><a href="#[30b0e6c]">&gt;&gt;</a>&nbsp;&nbsp;&nbsp;xMBMasterPortTimersInit
<LI><a href="#[30b0ee4]">&gt;&gt;</a>&nbsp;&nbsp;&nbsp;xMBMasterPortSerialInit
</UL>

<P><STRONG><a name="[1d80370]"></a>NVIC_PriorityGroupConfig</STRONG> (Thumb, 10 bytes, Stack size 0 bytes, misc.o(i.NVIC_PriorityGroupConfig))
<BR><BR>[Called By]<UL><LI><a href="#[1d80730]">&gt;&gt;</a>&nbsp;&nbsp;&nbsp;NVIC_Configuration
<LI><a href="#[2943b00]">&gt;&gt;</a>&nbsp;&nbsp;&nbsp;InitTIM
<LI><a href="#[30b0e6c]">&gt;&gt;</a>&nbsp;&nbsp;&nbsp;xMBMasterPortTimersInit
<LI><a href="#[30b0ee4]">&gt;&gt;</a>&nbsp;&nbsp;&nbsp;xMBMasterPortSerialInit
</UL>

<P><STRONG><a name="[1d80334]"></a>NVIC_SetVectorTable</STRONG> (Thumb, 12 bytes, Stack size 0 bytes, misc.o(i.NVIC_SetVectorTable))
<BR><BR>[Called By]<UL><LI><a href="#[1d80730]">&gt;&gt;</a>&nbsp;&nbsp;&nbsp;NVIC_Configuration
</UL>

<P><STRONG><a name="[1d81c84]"></a>PendSV_Handler</STRONG> (Thumb, 2 bytes, Stack size 0 bytes, stm32f10x_it.o(i.PendSV_Handler))
<BR>[Address Reference Count : 1]<UL><LI> startup_stm32f10x_cl.o(RESET)
</UL>
<P><STRONG><a name="[1d802f8]"></a>RCC_AHBPeriphClockCmd</STRONG> (Thumb, 26 bytes, Stack size 0 bytes, stm32f10x_rcc.o(i.RCC_AHBPeriphClockCmd))
<BR><BR>[Called By]<UL><LI><a href="#[1d806f4]">&gt;&gt;</a>&nbsp;&nbsp;&nbsp;System_Setup
</UL>

<P><STRONG><a name="[2e209b8]"></a>RCC_AHBPeriphResetCmd</STRONG> (Thumb, 26 bytes, Stack size 0 bytes, stm32f10x_rcc.o(i.RCC_AHBPeriphResetCmd))
<BR><BR>[Called By]<UL><LI><a href="#[1d8058c]">&gt;&gt;</a>&nbsp;&nbsp;&nbsp;ETH_DeInit
</UL>

<P><STRONG><a name="[1d7c608]"></a>RCC_APB1PeriphClockCmd</STRONG> (Thumb, 26 bytes, Stack size 0 bytes, stm32f10x_rcc.o(i.RCC_APB1PeriphClockCmd))
<BR><BR>[Called By]<UL><LI><a href="#[1d7c7e8]">&gt;&gt;</a>&nbsp;&nbsp;&nbsp;tcp_client_reciver
<LI><a href="#[2943b00]">&gt;&gt;</a>&nbsp;&nbsp;&nbsp;InitTIM
<LI><a href="#[30b0e6c]">&gt;&gt;</a>&nbsp;&nbsp;&nbsp;xMBMasterPortTimersInit
<LI><a href="#[30b0ee4]">&gt;&gt;</a>&nbsp;&nbsp;&nbsp;xMBMasterPortSerialInit
</UL>

<P><STRONG><a name="[1d802bc]"></a>RCC_APB2PeriphClockCmd</STRONG> (Thumb, 26 bytes, Stack size 0 bytes, stm32f10x_rcc.o(i.RCC_APB2PeriphClockCmd))
<BR><BR>[Called By]<UL><LI><a href="#[1d806f4]">&gt;&gt;</a>&nbsp;&nbsp;&nbsp;System_Setup
<LI><a href="#[30b0ee4]">&gt;&gt;</a>&nbsp;&nbsp;&nbsp;xMBMasterPortSerialInit
<LI><a href="#[30bb6b4]">&gt;&gt;</a>&nbsp;&nbsp;&nbsp;SPI_Config
</UL>

<P><STRONG><a name="[1d80280]"></a>RCC_GetClocksFreq</STRONG> (Thumb, 378 bytes, Stack size 24 bytes, stm32f10x_rcc.o(i.RCC_GetClocksFreq))
<BR><BR>[Stack]<UL><LI>Max Depth = 24<LI>Call Chain = RCC_GetClocksFreq
</UL>
<BR>[Called By]<UL><LI><a href="#[1d80514]">&gt;&gt;</a>&nbsp;&nbsp;&nbsp;ETH_Init
<LI><a href="#[1d806f4]">&gt;&gt;</a>&nbsp;&nbsp;&nbsp;System_Setup
<LI><a href="#[2e6b594]">&gt;&gt;</a>&nbsp;&nbsp;&nbsp;USART_Init
</UL>

<P><STRONG><a name="[1d80244]"></a>RCC_MCOConfig</STRONG> (Thumb, 6 bytes, Stack size 0 bytes, stm32f10x_rcc.o(i.RCC_MCOConfig))
<BR><BR>[Called By]<UL><LI><a href="#[1d807a8]">&gt;&gt;</a>&nbsp;&nbsp;&nbsp;Ethernet_Configuration
</UL>

<P><STRONG><a name="[2fbfd20]"></a>Read_Eth_Packet</STRONG> (Thumb, 72 bytes, Stack size 16 bytes, ethernetif.o(i.Read_Eth_Packet))
<BR><BR>[Stack]<UL><LI>Max Depth = 36<LI>Call Chain = Read_Eth_Packet &rArr; ETH_RxPkt_ChainMode
</UL>
<BR>[Calls]<UL><LI><a href="#[2fbfd98]">&gt;&gt;</a>&nbsp;&nbsp;&nbsp;ETH_RxPkt_ChainMode
<LI><a href="#[312bf44]">&gt;&gt;</a>&nbsp;&nbsp;&nbsp;__aeabi_memcpy
</UL>
<BR>[Called By]<UL><LI><a href="#[1d8355c]">&gt;&gt;</a>&nbsp;&nbsp;&nbsp;ETH_Recive_Poll
</UL>

<P><STRONG><a name="[2e77b64]"></a>SPI_Cmd</STRONG> (Thumb, 24 bytes, Stack size 0 bytes, stm32f10x_spi.o(i.SPI_Cmd))
<BR><BR>[Called By]<UL><LI><a href="#[30bb6b4]">&gt;&gt;</a>&nbsp;&nbsp;&nbsp;SPI_Config
</UL>

<P><STRONG><a name="[2e77984]"></a>SPI_I2S_GetFlagStatus</STRONG> (Thumb, 18 bytes, Stack size 0 bytes, stm32f10x_spi.o(i.SPI_I2S_GetFlagStatus))
<BR><BR>[Called By]<UL><LI><a href="#[30bb678]">&gt;&gt;</a>&nbsp;&nbsp;&nbsp;my_if_spiSend
<LI><a href="#[30bc2a8]">&gt;&gt;</a>&nbsp;&nbsp;&nbsp;if_spiSend
</UL>

<P><STRONG><a name="[2e778d0]"></a>SPI_I2S_ReceiveData</STRONG> (Thumb, 6 bytes, Stack size 0 bytes, stm32f10x_spi.o(i.SPI_I2S_ReceiveData))
<BR><BR>[Called By]<UL><LI><a href="#[30bb678]">&gt;&gt;</a>&nbsp;&nbsp;&nbsp;my_if_spiSend
<LI><a href="#[30bc2a8]">&gt;&gt;</a>&nbsp;&nbsp;&nbsp;if_spiSend
</UL>

<P><STRONG><a name="[2e77894]"></a>SPI_I2S_SendData</STRONG> (Thumb, 4 bytes, Stack size 0 bytes, stm32f10x_spi.o(i.SPI_I2S_SendData))
<BR><BR>[Called By]<UL><LI><a href="#[30bb678]">&gt;&gt;</a>&nbsp;&nbsp;&nbsp;my_if_spiSend
<LI><a href="#[30bc2a8]">&gt;&gt;</a>&nbsp;&nbsp;&nbsp;if_spiSend
</UL>

<P><STRONG><a name="[2e77858]"></a>SPI_Init</STRONG> (Thumb, 60 bytes, Stack size 8 bytes, stm32f10x_spi.o(i.SPI_Init))
<BR><BR>[Stack]<UL><LI>Max Depth = 8<LI>Call Chain = SPI_Init
</UL>
<BR>[Called By]<UL><LI><a href="#[30bb6b4]">&gt;&gt;</a>&nbsp;&nbsp;&nbsp;SPI_Config
</UL>

<P><STRONG><a name="[1d81c48]"></a>SVC_Handler</STRONG> (Thumb, 2 bytes, Stack size 0 bytes, stm32f10x_it.o(i.SVC_Handler))
<BR>[Address Reference Count : 1]<UL><LI> startup_stm32f10x_cl.o(RESET)
</UL>
<P><STRONG><a name="[1d7ca04]"></a>SendDataToSever</STRONG> (Thumb, 94 bytes, Stack size 16 bytes, client_tcpudp.o(i.SendDataToSever))
<BR><BR>[Stack]<UL><LI>Max Depth = 380<LI>Call Chain = SendDataToSever &rArr; tcp_output &rArr; tcp_output_segment &rArr; ip_output &rArr; ip_output_if &rArr; ip_frag &rArr; pbuf_alloc &rArr; pbuf_free &rArr; mem_free &rArr; plug_holes
</UL>
<BR>[Calls]<UL><LI><a href="#[1d7bfb4]">&gt;&gt;</a>&nbsp;&nbsp;&nbsp;tcp_write
<LI><a href="#[1d7c068]">&gt;&gt;</a>&nbsp;&nbsp;&nbsp;tcp_output
</UL>
<BR>[Called By]<UL><LI><a href="#[2943a10]">&gt;&gt;</a>&nbsp;&nbsp;&nbsp;main
</UL>

<P><STRONG><a name="[1d83520]"></a>Set_MAC_Address</STRONG> (Thumb, 40 bytes, Stack size 8 bytes, ethernetif.o(i.Set_MAC_Address))
<BR><BR>[Stack]<UL><LI>Max Depth = 16<LI>Call Chain = Set_MAC_Address &rArr; ETH_MACAddressConfig
</UL>
<BR>[Calls]<UL><LI><a href="#[2e86f3c]">&gt;&gt;</a>&nbsp;&nbsp;&nbsp;ETH_MACAddressConfig
</UL>
<BR>[Called By]<UL><LI><a href="#[1d83610]">&gt;&gt;</a>&nbsp;&nbsp;&nbsp;LwIP_Init
<LI><a href="#[2fbfd5c]">&gt;&gt;</a>&nbsp;&nbsp;&nbsp;ETH_TxPkt_ChainMode
</UL>

<P><STRONG><a name="[1d7c9c8]"></a>SynruntimHook</STRONG> (Thumb, 28 bytes, Stack size 0 bytes, client_tcpudp.o(i.SynruntimHook))
<BR><BR>[Called By]<UL><LI><a href="#[2943a88]">&gt;&gt;</a>&nbsp;&nbsp;&nbsp;TIM2_IRQHandler
</UL>

<P><STRONG><a name="[1d81c0c]"></a>SysTick_Handler</STRONG> (Thumb, 8 bytes, Stack size 8 bytes, stm32f10x_it.o(i.SysTick_Handler))
<BR><BR>[Stack]<UL><LI>Max Depth = 8<LI>Call Chain = SysTick_Handler
</UL>
<BR>[Calls]<UL><LI><a href="#[1d81b58]">&gt;&gt;</a>&nbsp;&nbsp;&nbsp;Time_Update
</UL>
<BR>[Address Reference Count : 1]<UL><LI> startup_stm32f10x_cl.o(RESET)
</UL>
<P><STRONG><a name="[1d80208]"></a>SystemInit</STRONG> (Thumb, 92 bytes, Stack size 8 bytes, system_stm32f10x.o(i.SystemInit))
<BR><BR>[Stack]<UL><LI>Max Depth = 16<LI>Call Chain = SystemInit &rArr; SetSysClock
</UL>
<BR>[Calls]<UL><LI><a href="#[2fbdd7c]">&gt;&gt;</a>&nbsp;&nbsp;&nbsp;SetSysClock
</UL>
<BR>[Called By]<UL><LI><a href="#[1d806f4]">&gt;&gt;</a>&nbsp;&nbsp;&nbsp;System_Setup
</UL>
<BR>[Address Reference Count : 1]<UL><LI> startup_stm32f10x_cl.o(.text)
</UL>
<P><STRONG><a name="[1d806f4]"></a>System_Setup</STRONG> (Thumb, 128 bytes, Stack size 32 bytes, stm32f107.o(i.System_Setup))
<BR><BR>[Stack]<UL><LI>Max Depth = 304<LI>Call Chain = System_Setup &rArr; Ethernet_Configuration &rArr; ETH_Init &rArr; RCC_GetClocksFreq
</UL>
<BR>[Calls]<UL><LI><a href="#[1d80190]">&gt;&gt;</a>&nbsp;&nbsp;&nbsp;eMBMasterInit
<LI><a href="#[1d801cc]">&gt;&gt;</a>&nbsp;&nbsp;&nbsp;eMBMasterEnable
<LI><a href="#[1d80208]">&gt;&gt;</a>&nbsp;&nbsp;&nbsp;SystemInit
<LI><a href="#[1d80280]">&gt;&gt;</a>&nbsp;&nbsp;&nbsp;RCC_GetClocksFreq
<LI><a href="#[1d802bc]">&gt;&gt;</a>&nbsp;&nbsp;&nbsp;RCC_APB2PeriphClockCmd
<LI><a href="#[1d802f8]">&gt;&gt;</a>&nbsp;&nbsp;&nbsp;RCC_AHBPeriphClockCmd
<LI><a href="#[1d80730]">&gt;&gt;</a>&nbsp;&nbsp;&nbsp;NVIC_Configuration
<LI><a href="#[1d8076c]">&gt;&gt;</a>&nbsp;&nbsp;&nbsp;GPIO_Configuration
<LI><a href="#[1d807a8]">&gt;&gt;</a>&nbsp;&nbsp;&nbsp;Ethernet_Configuration
<LI><a href="#[1d811f8]">&gt;&gt;</a>&nbsp;&nbsp;&nbsp;NVIC_SetPriority
</UL>
<BR>[Called By]<UL><LI><a href="#[2943a10]">&gt;&gt;</a>&nbsp;&nbsp;&nbsp;main
</UL>

<P><STRONG><a name="[2943a88]"></a>TIM2_IRQHandler</STRONG> (Thumb, 48 bytes, Stack size 8 bytes, main.o(i.TIM2_IRQHandler))
<BR><BR>[Stack]<UL><LI>Max Depth = 20<LI>Call Chain = TIM2_IRQHandler &rArr; TIM_GetITStatus
</UL>
<BR>[Calls]<UL><LI><a href="#[1d7c9c8]">&gt;&gt;</a>&nbsp;&nbsp;&nbsp;SynruntimHook
<LI><a href="#[294377c]">&gt;&gt;</a>&nbsp;&nbsp;&nbsp;TIM_GetITStatus
<LI><a href="#[29437f4]">&gt;&gt;</a>&nbsp;&nbsp;&nbsp;TIM_ClearITPendingBit
<LI><a href="#[2943830]">&gt;&gt;</a>&nbsp;&nbsp;&nbsp;TIM_ClearFlag
</UL>
<BR>[Address Reference Count : 1]<UL><LI> startup_stm32f10x_cl.o(RESET)
</UL>
<P><STRONG><a name="[312f694]"></a>TIM3_IRQHandler</STRONG> (Thumb, 34 bytes, Stack size 8 bytes, porttimer_m.o(i.TIM3_IRQHandler))
<BR><BR>[Stack]<UL><LI>Max Depth = 20<LI>Call Chain = TIM3_IRQHandler &rArr; TIM_GetITStatus
</UL>
<BR>[Calls]<UL><LI><a href="#[294377c]">&gt;&gt;</a>&nbsp;&nbsp;&nbsp;TIM_GetITStatus
<LI><a href="#[29437f4]">&gt;&gt;</a>&nbsp;&nbsp;&nbsp;TIM_ClearITPendingBit
<LI><a href="#[2943830]">&gt;&gt;</a>&nbsp;&nbsp;&nbsp;TIM_ClearFlag
<LI><a href="#[312f7c0]">&gt;&gt;</a>&nbsp;&nbsp;&nbsp;prvvTIMERExpiredISR
</UL>
<BR>[Address Reference Count : 1]<UL><LI> startup_stm32f10x_cl.o(RESET)
</UL>
<P><STRONG><a name="[294386c]"></a>TIM_ARRPreloadConfig</STRONG> (Thumb, 24 bytes, Stack size 0 bytes, stm32f10x_tim.o(i.TIM_ARRPreloadConfig))
<BR><BR>[Called By]<UL><LI><a href="#[2943b00]">&gt;&gt;</a>&nbsp;&nbsp;&nbsp;InitTIM
<LI><a href="#[30b0e6c]">&gt;&gt;</a>&nbsp;&nbsp;&nbsp;xMBMasterPortTimersInit
</UL>

<P><STRONG><a name="[2943830]"></a>TIM_ClearFlag</STRONG> (Thumb, 6 bytes, Stack size 0 bytes, stm32f10x_tim.o(i.TIM_ClearFlag))
<BR><BR>[Called By]<UL><LI><a href="#[2943a88]">&gt;&gt;</a>&nbsp;&nbsp;&nbsp;TIM2_IRQHandler
<LI><a href="#[312f694]">&gt;&gt;</a>&nbsp;&nbsp;&nbsp;TIM3_IRQHandler
</UL>

<P><STRONG><a name="[29437f4]"></a>TIM_ClearITPendingBit</STRONG> (Thumb, 6 bytes, Stack size 0 bytes, stm32f10x_tim.o(i.TIM_ClearITPendingBit))
<BR><BR>[Called By]<UL><LI><a href="#[2943a88]">&gt;&gt;</a>&nbsp;&nbsp;&nbsp;TIM2_IRQHandler
<LI><a href="#[2943b00]">&gt;&gt;</a>&nbsp;&nbsp;&nbsp;InitTIM
<LI><a href="#[30b0e6c]">&gt;&gt;</a>&nbsp;&nbsp;&nbsp;xMBMasterPortTimersInit
<LI><a href="#[30b0f5c]">&gt;&gt;</a>&nbsp;&nbsp;&nbsp;vMBMasterPortTimersT35Enable
<LI><a href="#[30b0f98]">&gt;&gt;</a>&nbsp;&nbsp;&nbsp;vMBMasterPortTimersRespondTimeoutEnable
<LI><a href="#[30b0fd4]">&gt;&gt;</a>&nbsp;&nbsp;&nbsp;vMBMasterPortTimersDisable
<LI><a href="#[30b1010]">&gt;&gt;</a>&nbsp;&nbsp;&nbsp;vMBMasterPortTimersConvertDelayEnable
<LI><a href="#[312f694]">&gt;&gt;</a>&nbsp;&nbsp;&nbsp;TIM3_IRQHandler
</UL>

<P><STRONG><a name="[29437b8]"></a>TIM_Cmd</STRONG> (Thumb, 24 bytes, Stack size 0 bytes, stm32f10x_tim.o(i.TIM_Cmd))
<BR><BR>[Called By]<UL><LI><a href="#[2943b00]">&gt;&gt;</a>&nbsp;&nbsp;&nbsp;InitTIM
<LI><a href="#[30b0e6c]">&gt;&gt;</a>&nbsp;&nbsp;&nbsp;xMBMasterPortTimersInit
<LI><a href="#[30b0f5c]">&gt;&gt;</a>&nbsp;&nbsp;&nbsp;vMBMasterPortTimersT35Enable
<LI><a href="#[30b0f98]">&gt;&gt;</a>&nbsp;&nbsp;&nbsp;vMBMasterPortTimersRespondTimeoutEnable
<LI><a href="#[30b0fd4]">&gt;&gt;</a>&nbsp;&nbsp;&nbsp;vMBMasterPortTimersDisable
<LI><a href="#[30b1010]">&gt;&gt;</a>&nbsp;&nbsp;&nbsp;vMBMasterPortTimersConvertDelayEnable
</UL>

<P><STRONG><a name="[294377c]"></a>TIM_GetITStatus</STRONG> (Thumb, 34 bytes, Stack size 12 bytes, stm32f10x_tim.o(i.TIM_GetITStatus))
<BR><BR>[Stack]<UL><LI>Max Depth = 12<LI>Call Chain = TIM_GetITStatus
</UL>
<BR>[Called By]<UL><LI><a href="#[2943a88]">&gt;&gt;</a>&nbsp;&nbsp;&nbsp;TIM2_IRQHandler
<LI><a href="#[312f694]">&gt;&gt;</a>&nbsp;&nbsp;&nbsp;TIM3_IRQHandler
</UL>

<P><STRONG><a name="[2943740]"></a>TIM_ITConfig</STRONG> (Thumb, 24 bytes, Stack size 8 bytes, stm32f10x_tim.o(i.TIM_ITConfig))
<BR><BR>[Stack]<UL><LI>Max Depth = 8<LI>Call Chain = TIM_ITConfig
</UL>
<BR>[Called By]<UL><LI><a href="#[2943b00]">&gt;&gt;</a>&nbsp;&nbsp;&nbsp;InitTIM
<LI><a href="#[30b0e6c]">&gt;&gt;</a>&nbsp;&nbsp;&nbsp;xMBMasterPortTimersInit
<LI><a href="#[30b0f5c]">&gt;&gt;</a>&nbsp;&nbsp;&nbsp;vMBMasterPortTimersT35Enable
<LI><a href="#[30b0f98]">&gt;&gt;</a>&nbsp;&nbsp;&nbsp;vMBMasterPortTimersRespondTimeoutEnable
<LI><a href="#[30b0fd4]">&gt;&gt;</a>&nbsp;&nbsp;&nbsp;vMBMasterPortTimersDisable
<LI><a href="#[30b1010]">&gt;&gt;</a>&nbsp;&nbsp;&nbsp;vMBMasterPortTimersConvertDelayEnable
</UL>

<P><STRONG><a name="[2943704]"></a>TIM_SetCounter</STRONG> (Thumb, 4 bytes, Stack size 0 bytes, stm32f10x_tim.o(i.TIM_SetCounter))
<BR><BR>[Called By]<UL><LI><a href="#[2943b00]">&gt;&gt;</a>&nbsp;&nbsp;&nbsp;InitTIM
<LI><a href="#[30b0f5c]">&gt;&gt;</a>&nbsp;&nbsp;&nbsp;vMBMasterPortTimersT35Enable
<LI><a href="#[30b0f98]">&gt;&gt;</a>&nbsp;&nbsp;&nbsp;vMBMasterPortTimersRespondTimeoutEnable
<LI><a href="#[30b0fd4]">&gt;&gt;</a>&nbsp;&nbsp;&nbsp;vMBMasterPortTimersDisable
<LI><a href="#[30b1010]">&gt;&gt;</a>&nbsp;&nbsp;&nbsp;vMBMasterPortTimersConvertDelayEnable
</UL>

<P><STRONG><a name="[29436c8]"></a>TIM_TimeBaseInit</STRONG> (Thumb, 122 bytes, Stack size 0 bytes, stm32f10x_tim.o(i.TIM_TimeBaseInit))
<BR><BR>[Called By]<UL><LI><a href="#[2943b00]">&gt;&gt;</a>&nbsp;&nbsp;&nbsp;InitTIM
<LI><a href="#[30b0f5c]">&gt;&gt;</a>&nbsp;&nbsp;&nbsp;vMBMasterPortTimersT35Enable
<LI><a href="#[30b0f98]">&gt;&gt;</a>&nbsp;&nbsp;&nbsp;vMBMasterPortTimersRespondTimeoutEnable
<LI><a href="#[30b1010]">&gt;&gt;</a>&nbsp;&nbsp;&nbsp;vMBMasterPortTimersConvertDelayEnable
</UL>

<P><STRONG><a name="[1d7c98c]"></a>TcpTestThread</STRONG> (Thumb, 68 bytes, Stack size 8 bytes, client_tcpudp.o(i.TcpTestThread))
<BR><BR>[Stack]<UL><LI>Max Depth = 500<LI>Call Chain = TcpTestThread &rArr; tcp_client_callback &rArr; tcp_new &rArr; tcp_alloc &rArr; tcp_kill_prio &rArr; tcp_abort &rArr; tcp_abandon &rArr; tcp_pcb_remove &rArr; tcp_output &rArr; tcp_output_segment &rArr; ip_output &rArr; ip_output_if &rArr; ip_frag &rArr; pbuf_alloc &rArr; pbuf_free &rArr; mem_free &rArr; plug_holes
</UL>
<BR>[Calls]<UL><LI><a href="#[1d7c6bc]">&gt;&gt;</a>&nbsp;&nbsp;&nbsp;FS_Write
<LI><a href="#[1d7c734]">&gt;&gt;</a>&nbsp;&nbsp;&nbsp;udp_client_callback_app
<LI><a href="#[1d7c8d8]">&gt;&gt;</a>&nbsp;&nbsp;&nbsp;tcp_client_callback
</UL>
<BR>[Called By]<UL><LI><a href="#[2943a10]">&gt;&gt;</a>&nbsp;&nbsp;&nbsp;main
</UL>

<P><STRONG><a name="[1d834e4]"></a>TftpTrm250ms</STRONG> (Thumb, 66 bytes, Stack size 8 bytes, tftpserver.o(i.TftpTrm250ms))
<BR><BR>[Stack]<UL><LI>Max Depth = 924<LI>Call Chain = TftpTrm250ms &rArr; tftp_send_error_message &rArr; tftp_send_message &rArr; udp_sendto &rArr; udp_sendto_if &rArr; ip_output_if &rArr; ip_frag &rArr; pbuf_alloc &rArr; pbuf_free &rArr; mem_free &rArr; plug_holes
</UL>
<BR>[Calls]<UL><LI><a href="#[294a040]">&gt;&gt;</a>&nbsp;&nbsp;&nbsp;tftp_send_error_message
<LI><a href="#[294a1e4]">&gt;&gt;</a>&nbsp;&nbsp;&nbsp;tftp_cleanup_rd
</UL>
<BR>[Called By]<UL><LI><a href="#[1d835d4]">&gt;&gt;</a>&nbsp;&nbsp;&nbsp;LwIP_Periodic_Handle
</UL>

<P><STRONG><a name="[1d81b58]"></a>Time_Update</STRONG> (Thumb, 2 bytes, Stack size 0 bytes, main.o(i.Time_Update))
<BR><BR>[Called By]<UL><LI><a href="#[1d81c0c]">&gt;&gt;</a>&nbsp;&nbsp;&nbsp;SysTick_Handler
</UL>

<P><STRONG><a name="[312e8c0]"></a>USART2_IRQHandler</STRONG> (Thumb, 68 bytes, Stack size 8 bytes, portserial_m.o(i.USART2_IRQHandler))
<BR><BR>[Stack]<UL><LI>Max Depth = 24<LI>Call Chain = USART2_IRQHandler &rArr; USART_GetITStatus
</UL>
<BR>[Calls]<UL><LI><a href="#[2e6b648]">&gt;&gt;</a>&nbsp;&nbsp;&nbsp;USART_GetITStatus
<LI><a href="#[2e6b7ec]">&gt;&gt;</a>&nbsp;&nbsp;&nbsp;USART_ClearITPendingBit
<LI><a href="#[312e9ec]">&gt;&gt;</a>&nbsp;&nbsp;&nbsp;prvvUARTTxReadyISR
<LI><a href="#[312ea28]">&gt;&gt;</a>&nbsp;&nbsp;&nbsp;prvvUARTRxISR
</UL>
<BR>[Address Reference Count : 1]<UL><LI> startup_stm32f10x_cl.o(RESET)
</UL>
<P><STRONG><a name="[2e6b7ec]"></a>USART_ClearITPendingBit</STRONG> (Thumb, 30 bytes, Stack size 8 bytes, stm32f10x_usart.o(i.USART_ClearITPendingBit))
<BR><BR>[Stack]<UL><LI>Max Depth = 8<LI>Call Chain = USART_ClearITPendingBit
</UL>
<BR>[Called By]<UL><LI><a href="#[312e8c0]">&gt;&gt;</a>&nbsp;&nbsp;&nbsp;USART2_IRQHandler
</UL>

<P><STRONG><a name="[2e6b738]"></a>USART_Cmd</STRONG> (Thumb, 24 bytes, Stack size 0 bytes, stm32f10x_usart.o(i.USART_Cmd))
<BR><BR>[Called By]<UL><LI><a href="#[30b0ee4]">&gt;&gt;</a>&nbsp;&nbsp;&nbsp;xMBMasterPortSerialInit
</UL>

<P><STRONG><a name="[2e6b648]"></a>USART_GetITStatus</STRONG> (Thumb, 84 bytes, Stack size 16 bytes, stm32f10x_usart.o(i.USART_GetITStatus))
<BR><BR>[Stack]<UL><LI>Max Depth = 16<LI>Call Chain = USART_GetITStatus
</UL>
<BR>[Called By]<UL><LI><a href="#[312e8c0]">&gt;&gt;</a>&nbsp;&nbsp;&nbsp;USART2_IRQHandler
</UL>

<P><STRONG><a name="[2e6b5d0]"></a>USART_ITConfig</STRONG> (Thumb, 72 bytes, Stack size 20 bytes, stm32f10x_usart.o(i.USART_ITConfig))
<BR><BR>[Stack]<UL><LI>Max Depth = 20<LI>Call Chain = USART_ITConfig
</UL>
<BR>[Called By]<UL><LI><a href="#[30b0ee4]">&gt;&gt;</a>&nbsp;&nbsp;&nbsp;xMBMasterPortSerialInit
<LI><a href="#[30b104c]">&gt;&gt;</a>&nbsp;&nbsp;&nbsp;vMBMasterPortSerialEnable
</UL>

<P><STRONG><a name="[2e6b594]"></a>USART_Init</STRONG> (Thumb, 210 bytes, Stack size 56 bytes, stm32f10x_usart.o(i.USART_Init))
<BR><BR>[Stack]<UL><LI>Max Depth = 80<LI>Call Chain = USART_Init &rArr; RCC_GetClocksFreq
</UL>
<BR>[Calls]<UL><LI><a href="#[1d80280]">&gt;&gt;</a>&nbsp;&nbsp;&nbsp;RCC_GetClocksFreq
</UL>
<BR>[Called By]<UL><LI><a href="#[30b0ee4]">&gt;&gt;</a>&nbsp;&nbsp;&nbsp;xMBMasterPortSerialInit
</UL>

<P><STRONG><a name="[2e6b3f0]"></a>USART_ReceiveData</STRONG> (Thumb, 10 bytes, Stack size 0 bytes, stm32f10x_usart.o(i.USART_ReceiveData))
<BR><BR>[Called By]<UL><LI><a href="#[30b0f20]">&gt;&gt;</a>&nbsp;&nbsp;&nbsp;xMBMasterPortSerialGetByte
</UL>

<P><STRONG><a name="[2e6b33c]"></a>USART_SendData</STRONG> (Thumb, 8 bytes, Stack size 0 bytes, stm32f10x_usart.o(i.USART_SendData))
<BR><BR>[Called By]<UL><LI><a href="#[30b0ea8]">&gt;&gt;</a>&nbsp;&nbsp;&nbsp;xMBMasterPortSerialPutByte
</UL>

<P><STRONG><a name="[1d81bd0]"></a>UsageFault_Handler</STRONG> (Thumb, 4 bytes, Stack size 0 bytes, stm32f10x_it.o(i.UsageFault_Handler))
<BR>[Address Reference Count : 1]<UL><LI> startup_stm32f10x_cl.o(RESET)
</UL>
<P><STRONG><a name="[1d7c590]"></a>WWDG_Enable</STRONG> (Thumb, 10 bytes, Stack size 0 bytes, stm32f10x_wwdg.o(i.WWDG_Enable))
<BR><BR>[Called By]<UL><LI><a href="#[1d7c7e8]">&gt;&gt;</a>&nbsp;&nbsp;&nbsp;tcp_client_reciver
</UL>

<P><STRONG><a name="[1d7c554]"></a>WWDG_SetCounter</STRONG> (Thumb, 10 bytes, Stack size 0 bytes, stm32f10x_wwdg.o(i.WWDG_SetCounter))
<BR><BR>[Called By]<UL><LI><a href="#[1d7c7e8]">&gt;&gt;</a>&nbsp;&nbsp;&nbsp;tcp_client_reciver
</UL>

<P><STRONG><a name="[1d7c518]"></a>WWDG_SetPrescaler</STRONG> (Thumb, 22 bytes, Stack size 0 bytes, stm32f10x_wwdg.o(i.WWDG_SetPrescaler))
<BR><BR>[Called By]<UL><LI><a href="#[1d7c7e8]">&gt;&gt;</a>&nbsp;&nbsp;&nbsp;tcp_client_reciver
</UL>

<P><STRONG><a name="[1d7c4dc]"></a>WWDG_SetWindowValue</STRONG> (Thumb, 26 bytes, Stack size 0 bytes, stm32f10x_wwdg.o(i.WWDG_SetWindowValue))
<BR><BR>[Called By]<UL><LI><a href="#[1d7c7e8]">&gt;&gt;</a>&nbsp;&nbsp;&nbsp;tcp_client_reciver
</UL>

<P><STRONG><a name="[2943a4c]"></a>WatchDogInit</STRONG> (Thumb, 36 bytes, Stack size 8 bytes, main.o(i.WatchDogInit))
<BR><BR>[Stack]<UL><LI>Max Depth = 8<LI>Call Chain = WatchDogInit
</UL>
<BR>[Calls]<UL><LI><a href="#[29438e4]">&gt;&gt;</a>&nbsp;&nbsp;&nbsp;IWDG_WriteAccessCmd
<LI><a href="#[2943920]">&gt;&gt;</a>&nbsp;&nbsp;&nbsp;IWDG_SetReload
<LI><a href="#[294395c]">&gt;&gt;</a>&nbsp;&nbsp;&nbsp;IWDG_SetPrescaler
<LI><a href="#[29439d4]">&gt;&gt;</a>&nbsp;&nbsp;&nbsp;IWDG_Enable
</UL>
<BR>[Called By]<UL><LI><a href="#[2943a10]">&gt;&gt;</a>&nbsp;&nbsp;&nbsp;main
</UL>

<P><STRONG><a name="[1d7c4a0]"></a>WriteIpToFlash</STRONG> (Thumb, 40 bytes, Stack size 24 bytes, flash_if.o(i.WriteIpToFlash))
<BR><BR>[Stack]<UL><LI>Max Depth = 72<LI>Call Chain = WriteIpToFlash &rArr; FLASH_If_DataFlashWrite &rArr; FLASH_ProgramWord &rArr; FLASH_WaitForLastOperation
</UL>
<BR>[Calls]<UL><LI><a href="#[2986590]">&gt;&gt;</a>&nbsp;&nbsp;&nbsp;FLASH_ErasePage
<LI><a href="#[312d024]">&gt;&gt;</a>&nbsp;&nbsp;&nbsp;FLASH_If_Init
<LI><a href="#[312d09c]">&gt;&gt;</a>&nbsp;&nbsp;&nbsp;FLASH_If_DataFlashWrite
</UL>
<BR>[Called By]<UL><LI><a href="#[1d7c770]">&gt;&gt;</a>&nbsp;&nbsp;&nbsp;udp_client_callback
<LI><a href="#[1d7c7e8]">&gt;&gt;</a>&nbsp;&nbsp;&nbsp;tcp_client_reciver
</UL>

<P><STRONG><a name="[31256bc]"></a>__0sprintf$6</STRONG> (Thumb, 34 bytes, Stack size 24 bytes, printf6.o(i.__0sprintf$6), UNUSED)
<BR><BR>[Calls]<UL><LI><a href="#[3125914]">&gt;&gt;</a>&nbsp;&nbsp;&nbsp;_sputc
<LI><a href="#[3125a04]">&gt;&gt;</a>&nbsp;&nbsp;&nbsp;_printf_core
</UL>

<P><STRONG><a name="[3125680]"></a>__1sprintf$6</STRONG> (Thumb, 0 bytes, Stack size 24 bytes, printf6.o(i.__0sprintf$6), UNUSED)

<P><STRONG><a name="[3125644]"></a>__2sprintf</STRONG> (Thumb, 0 bytes, Stack size 24 bytes, printf6.o(i.__0sprintf$6))
<BR><BR>[Stack]<UL><LI>Max Depth = 24<LI>Call Chain = __2sprintf
</UL>
<BR>[Called By]<UL><LI><a href="#[1d7c644]">&gt;&gt;</a>&nbsp;&nbsp;&nbsp;Getmeminf
</UL>

<P><STRONG><a name="[3229984]"></a>__scatterload_copy</STRONG> (Thumb, 14 bytes, Stack size unknown bytes, handlers.o(i.__scatterload_copy), UNUSED)

<P><STRONG><a name="[3229948]"></a>__scatterload_null</STRONG> (Thumb, 2 bytes, Stack size unknown bytes, handlers.o(i.__scatterload_null), UNUSED)

<P><STRONG><a name="[322990c]"></a>__scatterload_zeroinit</STRONG> (Thumb, 14 bytes, Stack size unknown bytes, handlers.o(i.__scatterload_zeroinit), UNUSED)

<P><STRONG><a name="[2f53298]"></a>dhcp_arp_reply</STRONG> (Thumb, 48 bytes, Stack size 16 bytes, dhcp.o(i.dhcp_arp_reply))
<BR><BR>[Stack]<UL><LI>Max Depth = 356<LI>Call Chain = dhcp_arp_reply &rArr; dhcp_decline &rArr; udp_sendto_if &rArr; ip_output_if &rArr; ip_frag &rArr; pbuf_alloc &rArr; pbuf_free &rArr; mem_free &rArr; plug_holes
</UL>
<BR>[Calls]<UL><LI><a href="#[2e83198]">&gt;&gt;</a>&nbsp;&nbsp;&nbsp;dhcp_decline
</UL>
<BR>[Called By]<UL><LI><a href="#[2fc1760]">&gt;&gt;</a>&nbsp;&nbsp;&nbsp;etharp_arp_input
</UL>

<P><STRONG><a name="[1d834a8]"></a>dhcp_coarse_tmr</STRONG> (Thumb, 70 bytes, Stack size 8 bytes, dhcp.o(i.dhcp_coarse_tmr))
<BR><BR>[Stack]<UL><LI>Max Depth = 356<LI>Call Chain = dhcp_coarse_tmr &rArr; dhcp_t2_timeout &rArr; dhcp_rebind &rArr; udp_sendto_if &rArr; ip_output_if &rArr; ip_frag &rArr; pbuf_alloc &rArr; pbuf_free &rArr; mem_free &rArr; plug_holes
</UL>
<BR>[Calls]<UL><LI><a href="#[2f53784]">&gt;&gt;</a>&nbsp;&nbsp;&nbsp;dhcp_t2_timeout
<LI><a href="#[2f537c0]">&gt;&gt;</a>&nbsp;&nbsp;&nbsp;dhcp_t1_timeout
</UL>
<BR>[Called By]<UL><LI><a href="#[1d835d4]">&gt;&gt;</a>&nbsp;&nbsp;&nbsp;LwIP_Periodic_Handle
</UL>

<P><STRONG><a name="[1d8346c]"></a>dhcp_fine_tmr</STRONG> (Thumb, 64 bytes, Stack size 8 bytes, dhcp.o(i.dhcp_fine_tmr))
<BR><BR>[Stack]<UL><LI>Max Depth = 500<LI>Call Chain = dhcp_fine_tmr &rArr; dhcp_timeout &rArr; dhcp_bind &rArr; netif_set_ipaddr &rArr; tcp_abort &rArr; tcp_abandon &rArr; tcp_pcb_remove &rArr; tcp_output &rArr; tcp_output_segment &rArr; ip_output &rArr; ip_output_if &rArr; ip_frag &rArr; pbuf_alloc &rArr; pbuf_free &rArr; mem_free &rArr; plug_holes
</UL>
<BR>[Calls]<UL><LI><a href="#[2f53748]">&gt;&gt;</a>&nbsp;&nbsp;&nbsp;dhcp_timeout
</UL>
<BR>[Called By]<UL><LI><a href="#[1d835d4]">&gt;&gt;</a>&nbsp;&nbsp;&nbsp;LwIP_Periodic_Handle
</UL>

<P><STRONG><a name="[2f531a8]"></a>dhcp_release</STRONG> (Thumb, 160 bytes, Stack size 24 bytes, dhcp.o(i.dhcp_release))
<BR><BR>[Stack]<UL><LI>Max Depth = 476<LI>Call Chain = dhcp_release &rArr; netif_set_ipaddr &rArr; tcp_abort &rArr; tcp_abandon &rArr; tcp_pcb_remove &rArr; tcp_output &rArr; tcp_output_segment &rArr; ip_output &rArr; ip_output_if &rArr; ip_frag &rArr; pbuf_alloc &rArr; pbuf_free &rArr; mem_free &rArr; plug_holes
</UL>
<BR>[Calls]<UL><LI><a href="#[2e8315c]">&gt;&gt;</a>&nbsp;&nbsp;&nbsp;dhcp_delete_msg
<LI><a href="#[2e831d4]">&gt;&gt;</a>&nbsp;&nbsp;&nbsp;dhcp_create_msg
<LI><a href="#[2f52e24]">&gt;&gt;</a>&nbsp;&nbsp;&nbsp;udp_sendto_if
<LI><a href="#[2f52e9c]">&gt;&gt;</a>&nbsp;&nbsp;&nbsp;pbuf_realloc
<LI><a href="#[2f52f14]">&gt;&gt;</a>&nbsp;&nbsp;&nbsp;netif_set_netmask
<LI><a href="#[2f52f50]">&gt;&gt;</a>&nbsp;&nbsp;&nbsp;netif_set_ipaddr
<LI><a href="#[2f52f8c]">&gt;&gt;</a>&nbsp;&nbsp;&nbsp;netif_set_gw
<LI><a href="#[2f52fc8]">&gt;&gt;</a>&nbsp;&nbsp;&nbsp;netif_set_down
<LI><a href="#[2f537fc]">&gt;&gt;</a>&nbsp;&nbsp;&nbsp;dhcp_set_state
<LI><a href="#[2f53964]">&gt;&gt;</a>&nbsp;&nbsp;&nbsp;dhcp_option_trailer
</UL>
<BR>[Called By]<UL><LI><a href="#[2f53748]">&gt;&gt;</a>&nbsp;&nbsp;&nbsp;dhcp_timeout
</UL>

<P><STRONG><a name="[2f5316c]"></a>dhcp_renew</STRONG> (Thumb, 140 bytes, Stack size 24 bytes, dhcp.o(i.dhcp_renew))
<BR><BR>[Stack]<UL><LI>Max Depth = 332<LI>Call Chain = dhcp_renew &rArr; udp_sendto_if &rArr; ip_output_if &rArr; ip_frag &rArr; pbuf_alloc &rArr; pbuf_free &rArr; mem_free &rArr; plug_holes
</UL>
<BR>[Calls]<UL><LI><a href="#[2e83030]">&gt;&gt;</a>&nbsp;&nbsp;&nbsp;dhcp_option
<LI><a href="#[2e8315c]">&gt;&gt;</a>&nbsp;&nbsp;&nbsp;dhcp_delete_msg
<LI><a href="#[2e831d4]">&gt;&gt;</a>&nbsp;&nbsp;&nbsp;dhcp_create_msg
<LI><a href="#[2f52e24]">&gt;&gt;</a>&nbsp;&nbsp;&nbsp;udp_sendto_if
<LI><a href="#[2f52e9c]">&gt;&gt;</a>&nbsp;&nbsp;&nbsp;pbuf_realloc
<LI><a href="#[2f537fc]">&gt;&gt;</a>&nbsp;&nbsp;&nbsp;dhcp_set_state
<LI><a href="#[2f53964]">&gt;&gt;</a>&nbsp;&nbsp;&nbsp;dhcp_option_trailer
<LI><a href="#[2f539a0]">&gt;&gt;</a>&nbsp;&nbsp;&nbsp;dhcp_option_short
<LI><a href="#[2f53a18]">&gt;&gt;</a>&nbsp;&nbsp;&nbsp;dhcp_option_hostname
</UL>
<BR>[Called By]<UL><LI><a href="#[2f53748]">&gt;&gt;</a>&nbsp;&nbsp;&nbsp;dhcp_timeout
<LI><a href="#[2f537c0]">&gt;&gt;</a>&nbsp;&nbsp;&nbsp;dhcp_t1_timeout
</UL>

<P><STRONG><a name="[1d83430]"></a>dhcp_start</STRONG> (Thumb, 226 bytes, Stack size 16 bytes, dhcp.o(i.dhcp_start))
<BR><BR>[Stack]<UL><LI>Max Depth = 348<LI>Call Chain = dhcp_start &rArr; dhcp_discover &rArr; udp_sendto_if &rArr; ip_output_if &rArr; ip_frag &rArr; pbuf_alloc &rArr; pbuf_free &rArr; mem_free &rArr; plug_holes
</UL>
<BR>[Calls]<UL><LI><a href="#[1d7bf00]">&gt;&gt;</a>&nbsp;&nbsp;&nbsp;udp_recv
<LI><a href="#[1d7bf3c]">&gt;&gt;</a>&nbsp;&nbsp;&nbsp;udp_new
<LI><a href="#[1d7bf78]">&gt;&gt;</a>&nbsp;&nbsp;&nbsp;udp_bind
<LI><a href="#[2949c44]">&gt;&gt;</a>&nbsp;&nbsp;&nbsp;udp_remove
<LI><a href="#[2949ed8]">&gt;&gt;</a>&nbsp;&nbsp;&nbsp;mem_malloc
<LI><a href="#[2e83120]">&gt;&gt;</a>&nbsp;&nbsp;&nbsp;dhcp_discover
<LI><a href="#[2f52e60]">&gt;&gt;</a>&nbsp;&nbsp;&nbsp;udp_connect
<LI><a href="#[2f530f4]">&gt;&gt;</a>&nbsp;&nbsp;&nbsp;dhcp_stop
[...]
</UL>

<P><STRONG><a name="[2fc9d70]"></a>tcp_output_alloc_header</STRONG> (Thumb, 156 bytes, Stack size 32 bytes, tcp_out.o(i.tcp_output_alloc_header))
<BR><BR>[Stack]<UL><LI>Max Depth = 132<LI>Call Chain = tcp_output_alloc_header &rArr; pbuf_alloc &rArr; pbuf_free &rArr; mem_free &rArr; plug_holes
</UL>
<BR>[Calls]<UL><LI><a href="#[1d7c338]">&gt;&gt;</a>&nbsp;&nbsp;&nbsp;pbuf_alloc
<LI><a href="#[29487e0]">&gt;&gt;</a>&nbsp;&nbsp;&nbsp;lwip_htons
<LI><a href="#[2e86078]">&gt;&gt;</a>&nbsp;&nbsp;&nbsp;lwip_htonl
</UL>
<BR>[Called By]<UL><LI><a href="#[2f459cc]">&gt;&gt;</a>&nbsp;&nbsp;&nbsp;tcp_send_empty_ack
<LI><a href="#[2f46bd8]">&gt;&gt;</a>&nbsp;&nbsp;&nbsp;tcp_zero_window_probe
<LI><a href="#[2f46d04]">&gt;&gt;</a>&nbsp;&nbsp;&nbsp;tcp_keepalive
</UL>

<P><STRONG><a name="[2fc9d34]"></a>tcp_output_segment</STRONG> (Thumb, 234 bytes, Stack size 40 bytes, tcp_out.o(i.tcp_output_segment))
<BR><BR>[Stack]<UL><LI>Max Depth = 332<LI>Call Chain = tcp_output_segment &rArr; ip_output &rArr; ip_output_if &rArr; ip_frag &rArr; pbuf_alloc &rArr; pbuf_free &rArr; mem_free &rArr; plug_holes
</UL>
<BR>[Calls]<UL><LI><a href="#[29487e0]">&gt;&gt;</a>&nbsp;&nbsp;&nbsp;lwip_htons
<LI><a href="#[2e8603c]">&gt;&gt;</a>&nbsp;&nbsp;&nbsp;lwip_ntohl
<LI><a href="#[2e86078]">&gt;&gt;</a>&nbsp;&nbsp;&nbsp;lwip_htonl
<LI><a href="#[2f45abc]">&gt;&gt;</a>&nbsp;&nbsp;&nbsp;inet_chksum_pseudo
<LI><a href="#[2f47100]">&gt;&gt;</a>&nbsp;&nbsp;&nbsp;tcp_eff_send_mss
<LI><a href="#[2f4b69c]">&gt;&gt;</a>&nbsp;&nbsp;&nbsp;ip_route
<LI><a href="#[2fc9b90]">&gt;&gt;</a>&nbsp;&nbsp;&nbsp;ip_output
</UL>
<BR>[Called By]<UL><LI><a href="#[1d7c068]">&gt;&gt;</a>&nbsp;&nbsp;&nbsp;tcp_output
</UL>

<P><STRONG><a name="[2fc9cf8]"></a>tcp_pbuf_prealloc</STRONG> (Thumb, 138 bytes, Stack size 56 bytes, tcp_out.o(i.tcp_pbuf_prealloc))
<BR><BR>[Stack]<UL><LI>Max Depth = 156<LI>Call Chain = tcp_pbuf_prealloc &rArr; pbuf_alloc &rArr; pbuf_free &rArr; mem_free &rArr; plug_holes
</UL>
<BR>[Calls]<UL><LI><a href="#[1d7c338]">&gt;&gt;</a>&nbsp;&nbsp;&nbsp;pbuf_alloc
</UL>
<BR>[Called By]<UL><LI><a href="#[1d7bfb4]">&gt;&gt;</a>&nbsp;&nbsp;&nbsp;tcp_write
</UL>

<P><STRONG><a name="[2fc9cbc]"></a>tcp_write_checks</STRONG> (Thumb, 152 bytes, Stack size 0 bytes, tcp_out.o(i.tcp_write_checks))
<BR><BR>[Called By]<UL><LI><a href="#[1d7bfb4]">&gt;&gt;</a>&nbsp;&nbsp;&nbsp;tcp_write
</UL>

<P><STRONG><a name="[2fc88d0]"></a>udp_new_port</STRONG> (Thumb, 80 bytes, Stack size 8 bytes, udp.o(i.udp_new_port))
<BR><BR>[Stack]<UL><LI>Max Depth = 8<LI>Call Chain = udp_new_port
</UL>
<BR>[Called By]<UL><LI><a href="#[1d7bf78]">&gt;&gt;</a>&nbsp;&nbsp;&nbsp;udp_bind
</UL>

<P><STRONG><a name="[2fc7a48]"></a>icmp_send_response</STRONG> (Thumb, 148 bytes, Stack size 40 bytes, icmp.o(i.icmp_send_response))
<BR><BR>[Stack]<UL><LI>Max Depth = 332<LI>Call Chain = icmp_send_response &rArr; ip_output &rArr; ip_output_if &rArr; ip_frag &rArr; pbuf_alloc &rArr; pbuf_free &rArr; mem_free &rArr; plug_holes
</UL>
<BR>[Calls]<UL><LI><a href="#[1d7c2fc]">&gt;&gt;</a>&nbsp;&nbsp;&nbsp;pbuf_free
<LI><a href="#[1d7c338]">&gt;&gt;</a>&nbsp;&nbsp;&nbsp;pbuf_alloc
<LI><a href="#[2fc78a4]">&gt;&gt;</a>&nbsp;&nbsp;&nbsp;inet_chksum
<LI><a href="#[2fc9b90]">&gt;&gt;</a>&nbsp;&nbsp;&nbsp;ip_output
<LI><a href="#[312bf44]">&gt;&gt;</a>&nbsp;&nbsp;&nbsp;__aeabi_memcpy
</UL>
<BR>[Called By]<UL><LI><a href="#[2fc78e0]">&gt;&gt;</a>&nbsp;&nbsp;&nbsp;icmp_time_exceeded
<LI><a href="#[2fc82b8]">&gt;&gt;</a>&nbsp;&nbsp;&nbsp;icmp_dest_unreach
</UL>

<P><STRONG><a name="[2fc6b84]"></a>lwip_standard_chksum</STRONG> (Thumb, 94 bytes, Stack size 24 bytes, inet_chksum.o(i.lwip_standard_chksum))
<BR><BR>[Stack]<UL><LI>Max Depth = 24<LI>Call Chain = lwip_standard_chksum
</UL>
<BR>[Called By]<UL><LI><a href="#[2f45abc]">&gt;&gt;</a>&nbsp;&nbsp;&nbsp;inet_chksum_pseudo
<LI><a href="#[2fc7868]">&gt;&gt;</a>&nbsp;&nbsp;&nbsp;inet_chksum_pbuf
<LI><a href="#[2fc78a4]">&gt;&gt;</a>&nbsp;&nbsp;&nbsp;inet_chksum
</UL>

<P><STRONG><a name="[2fc3e84]"></a>ip_frag_alloc_pbuf_custom_ref</STRONG> (Thumb, 10 bytes, Stack size 8 bytes, ip_frag.o(i.ip_frag_alloc_pbuf_custom_ref))
<BR><BR>[Stack]<UL><LI>Max Depth = 16<LI>Call Chain = ip_frag_alloc_pbuf_custom_ref &rArr; memp_malloc
</UL>
<BR>[Calls]<UL><LI><a href="#[2f50034]">&gt;&gt;</a>&nbsp;&nbsp;&nbsp;memp_malloc
</UL>
<BR>[Called By]<UL><LI><a href="#[2fc5d38]">&gt;&gt;</a>&nbsp;&nbsp;&nbsp;ip_frag
</UL>

<P><STRONG><a name="[2fc3e48]"></a>ip_frag_free_pbuf_custom_ref</STRONG> (Thumb, 24 bytes, Stack size 8 bytes, ip_frag.o(i.ip_frag_free_pbuf_custom_ref))
<BR><BR>[Stack]<UL><LI>Max Depth = 20<LI>Call Chain = ip_frag_free_pbuf_custom_ref &rArr; memp_free
</UL>
<BR>[Calls]<UL><LI><a href="#[2f50070]">&gt;&gt;</a>&nbsp;&nbsp;&nbsp;memp_free
</UL>
<BR>[Called By]<UL><LI><a href="#[2fc3ce0]">&gt;&gt;</a>&nbsp;&nbsp;&nbsp;ipfrag_free_pbuf_custom
<LI><a href="#[2fc5d38]">&gt;&gt;</a>&nbsp;&nbsp;&nbsp;ip_frag
</UL>

<P><STRONG><a name="[2fc3e0c]"></a>ip_reass_chain_frag_into_datagram_and_validate</STRONG> (Thumb, 420 bytes, Stack size 48 bytes, ip_frag.o(i.ip_reass_chain_frag_into_datagram_and_validate))
<BR><BR>[Stack]<UL><LI>Max Depth = 108<LI>Call Chain = ip_reass_chain_frag_into_datagram_and_validate &rArr; pbuf_free &rArr; mem_free &rArr; plug_holes
</UL>
<BR>[Calls]<UL><LI><a href="#[1d7c2fc]">&gt;&gt;</a>&nbsp;&nbsp;&nbsp;pbuf_free
<LI><a href="#[29487a4]">&gt;&gt;</a>&nbsp;&nbsp;&nbsp;lwip_ntohs
<LI><a href="#[2f4c998]">&gt;&gt;</a>&nbsp;&nbsp;&nbsp;pbuf_clen
</UL>
<BR>[Called By]<UL><LI><a href="#[2fc5cfc]">&gt;&gt;</a>&nbsp;&nbsp;&nbsp;ip_reass
</UL>

<P><STRONG><a name="[2fc3dd0]"></a>ip_reass_dequeue_datagram</STRONG> (Thumb, 46 bytes, Stack size 16 bytes, ip_frag.o(i.ip_reass_dequeue_datagram))
<BR><BR>[Stack]<UL><LI>Max Depth = 28<LI>Call Chain = ip_reass_dequeue_datagram &rArr; memp_free
</UL>
<BR>[Calls]<UL><LI><a href="#[2f50070]">&gt;&gt;</a>&nbsp;&nbsp;&nbsp;memp_free
</UL>
<BR>[Called By]<UL><LI><a href="#[2fc3d58]">&gt;&gt;</a>&nbsp;&nbsp;&nbsp;ip_reass_free_complete_datagram
<LI><a href="#[2fc5cfc]">&gt;&gt;</a>&nbsp;&nbsp;&nbsp;ip_reass
</UL>

<P><STRONG><a name="[2fc3d94]"></a>ip_reass_enqueue_new_datagram</STRONG> (Thumb, 92 bytes, Stack size 16 bytes, ip_frag.o(i.ip_reass_enqueue_new_datagram))
<BR><BR>[Stack]<UL><LI>Max Depth = 436<LI>Call Chain = ip_reass_enqueue_new_datagram &rArr; ip_reass_remove_oldest_datagram &rArr; ip_reass_free_complete_datagram &rArr; icmp_time_exceeded &rArr; icmp_send_response &rArr; ip_output &rArr; ip_output_if &rArr; ip_frag &rArr; pbuf_alloc &rArr; pbuf_free &rArr; mem_free &rArr; plug_holes
</UL>
<BR>[Calls]<UL><LI><a href="#[2f50034]">&gt;&gt;</a>&nbsp;&nbsp;&nbsp;memp_malloc
<LI><a href="#[2fc3d1c]">&gt;&gt;</a>&nbsp;&nbsp;&nbsp;ip_reass_remove_oldest_datagram
<LI><a href="#[312bcec]">&gt;&gt;</a>&nbsp;&nbsp;&nbsp;__aeabi_memclr4
<LI><a href="#[312bf44]">&gt;&gt;</a>&nbsp;&nbsp;&nbsp;__aeabi_memcpy
</UL>
<BR>[Called By]<UL><LI><a href="#[2fc5cfc]">&gt;&gt;</a>&nbsp;&nbsp;&nbsp;ip_reass
</UL>

<P><STRONG><a name="[2fc3d58]"></a>ip_reass_free_complete_datagram</STRONG> (Thumb, 214 bytes, Stack size 32 bytes, ip_frag.o(i.ip_reass_free_complete_datagram))
<BR><BR>[Stack]<UL><LI>Max Depth = 380<LI>Call Chain = ip_reass_free_complete_datagram &rArr; icmp_time_exceeded &rArr; icmp_send_response &rArr; ip_output &rArr; ip_output_if &rArr; ip_frag &rArr; pbuf_alloc &rArr; pbuf_free &rArr; mem_free &rArr; plug_holes
</UL>
<BR>[Calls]<UL><LI><a href="#[1d7c2fc]">&gt;&gt;</a>&nbsp;&nbsp;&nbsp;pbuf_free
<LI><a href="#[2f4c998]">&gt;&gt;</a>&nbsp;&nbsp;&nbsp;pbuf_clen
<LI><a href="#[2fc3dd0]">&gt;&gt;</a>&nbsp;&nbsp;&nbsp;ip_reass_dequeue_datagram
<LI><a href="#[2fc78e0]">&gt;&gt;</a>&nbsp;&nbsp;&nbsp;icmp_time_exceeded
<LI><a href="#[312bf44]">&gt;&gt;</a>&nbsp;&nbsp;&nbsp;__aeabi_memcpy
</UL>
<BR>[Called By]<UL><LI><a href="#[2fc3d1c]">&gt;&gt;</a>&nbsp;&nbsp;&nbsp;ip_reass_remove_oldest_datagram
</UL>

<P><STRONG><a name="[2fc3d1c]"></a>ip_reass_remove_oldest_datagram</STRONG> (Thumb, 120 bytes, Stack size 40 bytes, ip_frag.o(i.ip_reass_remove_oldest_datagram))
<BR><BR>[Stack]<UL><LI>Max Depth = 420<LI>Call Chain = ip_reass_remove_oldest_datagram &rArr; ip_reass_free_complete_datagram &rArr; icmp_time_exceeded &rArr; icmp_send_response &rArr; ip_output &rArr; ip_output_if &rArr; ip_frag &rArr; pbuf_alloc &rArr; pbuf_free &rArr; mem_free &rArr; plug_holes
</UL>
<BR>[Calls]<UL><LI><a href="#[2fc3d58]">&gt;&gt;</a>&nbsp;&nbsp;&nbsp;ip_reass_free_complete_datagram
</UL>
<BR>[Called By]<UL><LI><a href="#[2fc3d94]">&gt;&gt;</a>&nbsp;&nbsp;&nbsp;ip_reass_enqueue_new_datagram
<LI><a href="#[2fc5cfc]">&gt;&gt;</a>&nbsp;&nbsp;&nbsp;ip_reass
</UL>

<P><STRONG><a name="[2fc3ce0]"></a>ipfrag_free_pbuf_custom</STRONG> (Thumb, 46 bytes, Stack size 16 bytes, ip_frag.o(i.ipfrag_free_pbuf_custom))
<BR><BR>[Stack]<UL><LI>Max Depth = 76<LI>Call Chain = ipfrag_free_pbuf_custom &rArr; pbuf_free &rArr; mem_free &rArr; plug_holes
</UL>
<BR>[Calls]<UL><LI><a href="#[1d7c2fc]">&gt;&gt;</a>&nbsp;&nbsp;&nbsp;pbuf_free
<LI><a href="#[2fc3e48]">&gt;&gt;</a>&nbsp;&nbsp;&nbsp;ip_frag_free_pbuf_custom_ref
</UL>
<BR>[Address Reference Count : 1]<UL><LI> ip_frag.o(i.ip_frag)
</UL>
<P><STRONG><a name="[2fc1760]"></a>etharp_arp_input</STRONG> (Thumb, 388 bytes, Stack size 40 bytes, etharp.o(i.etharp_arp_input))
<BR><BR>[Stack]<UL><LI>Max Depth = 396<LI>Call Chain = etharp_arp_input &rArr; dhcp_arp_reply &rArr; dhcp_decline &rArr; udp_sendto_if &rArr; ip_output_if &rArr; ip_frag &rArr; pbuf_alloc &rArr; pbuf_free &rArr; mem_free &rArr; plug_holes
</UL>
<BR>[Calls]<UL><LI><a href="#[1d7c2fc]">&gt;&gt;</a>&nbsp;&nbsp;&nbsp;pbuf_free
<LI><a href="#[29487e0]">&gt;&gt;</a>&nbsp;&nbsp;&nbsp;lwip_htons
<LI><a href="#[2f53298]">&gt;&gt;</a>&nbsp;&nbsp;&nbsp;dhcp_arp_reply
<LI><a href="#[2fc15f8]">&gt;&gt;</a>&nbsp;&nbsp;&nbsp;etharp_update_arp_entry
<LI><a href="#[312bf44]">&gt;&gt;</a>&nbsp;&nbsp;&nbsp;__aeabi_memcpy
</UL>
<BR>[Called By]<UL><LI><a href="#[1d833b8]">&gt;&gt;</a>&nbsp;&nbsp;&nbsp;ethernet_input
</UL>

<P><STRONG><a name="[2fc1724]"></a>etharp_find_entry</STRONG> (Thumb, 432 bytes, Stack size 48 bytes, etharp.o(i.etharp_find_entry))
<BR><BR>[Stack]<UL><LI>Max Depth = 116<LI>Call Chain = etharp_find_entry &rArr; etharp_free_entry &rArr; pbuf_free &rArr; mem_free &rArr; plug_holes
</UL>
<BR>[Calls]<UL><LI><a href="#[2fc16e8]">&gt;&gt;</a>&nbsp;&nbsp;&nbsp;etharp_free_entry
</UL>
<BR>[Called By]<UL><LI><a href="#[2f5307c]">&gt;&gt;</a>&nbsp;&nbsp;&nbsp;etharp_query
<LI><a href="#[2fc15f8]">&gt;&gt;</a>&nbsp;&nbsp;&nbsp;etharp_update_arp_entry
</UL>

<P><STRONG><a name="[2fc16e8]"></a>etharp_free_entry</STRONG> (Thumb, 58 bytes, Stack size 8 bytes, etharp.o(i.etharp_free_entry))
<BR><BR>[Stack]<UL><LI>Max Depth = 68<LI>Call Chain = etharp_free_entry &rArr; pbuf_free &rArr; mem_free &rArr; plug_holes
</UL>
<BR>[Calls]<UL><LI><a href="#[1d7c2fc]">&gt;&gt;</a>&nbsp;&nbsp;&nbsp;pbuf_free
</UL>
<BR>[Called By]<UL><LI><a href="#[1d833f4]">&gt;&gt;</a>&nbsp;&nbsp;&nbsp;etharp_tmr
<LI><a href="#[2f4e798]">&gt;&gt;</a>&nbsp;&nbsp;&nbsp;etharp_cleanup_netif
<LI><a href="#[2fc1724]">&gt;&gt;</a>&nbsp;&nbsp;&nbsp;etharp_find_entry
</UL>

<P><STRONG><a name="[2fc16ac]"></a>etharp_output_to_arp_index</STRONG> (Thumb, 124 bytes, Stack size 16 bytes, etharp.o(i.etharp_output_to_arp_index))
<BR><BR>[Stack]<UL><LI>Max Depth = 196<LI>Call Chain = etharp_output_to_arp_index &rArr; etharp_request &rArr; etharp_raw &rArr; pbuf_alloc &rArr; pbuf_free &rArr; mem_free &rArr; plug_holes
</UL>
<BR>[Calls]<UL><LI><a href="#[2f4e75c]">&gt;&gt;</a>&nbsp;&nbsp;&nbsp;etharp_request
<LI><a href="#[2fc1634]">&gt;&gt;</a>&nbsp;&nbsp;&nbsp;etharp_send_ip
</UL>
<BR>[Called By]<UL><LI><a href="#[2fc1328]">&gt;&gt;</a>&nbsp;&nbsp;&nbsp;etharp_output
</UL>

<P><STRONG><a name="[2fc1670]"></a>etharp_raw</STRONG> (Thumb, 264 bytes, Stack size 48 bytes, etharp.o(i.etharp_raw))
<BR><BR>[Stack]<UL><LI>Max Depth = 148<LI>Call Chain = etharp_raw &rArr; pbuf_alloc &rArr; pbuf_free &rArr; mem_free &rArr; plug_holes
</UL>
<BR>[Calls]<UL><LI><a href="#[1d7c2fc]">&gt;&gt;</a>&nbsp;&nbsp;&nbsp;pbuf_free
<LI><a href="#[1d7c338]">&gt;&gt;</a>&nbsp;&nbsp;&nbsp;pbuf_alloc
<LI><a href="#[29487e0]">&gt;&gt;</a>&nbsp;&nbsp;&nbsp;lwip_htons
<LI><a href="#[312bf44]">&gt;&gt;</a>&nbsp;&nbsp;&nbsp;__aeabi_memcpy
</UL>
<BR>[Called By]<UL><LI><a href="#[2f4e75c]">&gt;&gt;</a>&nbsp;&nbsp;&nbsp;etharp_request
</UL>

<P><STRONG><a name="[2fc1634]"></a>etharp_send_ip</STRONG> (Thumb, 66 bytes, Stack size 24 bytes, etharp.o(i.etharp_send_ip))
<BR><BR>[Stack]<UL><LI>Max Depth = 24<LI>Call Chain = etharp_send_ip
</UL>
<BR>[Calls]<UL><LI><a href="#[312bf44]">&gt;&gt;</a>&nbsp;&nbsp;&nbsp;__aeabi_memcpy
</UL>
<BR>[Called By]<UL><LI><a href="#[2f5307c]">&gt;&gt;</a>&nbsp;&nbsp;&nbsp;etharp_query
<LI><a href="#[2fc1328]">&gt;&gt;</a>&nbsp;&nbsp;&nbsp;etharp_output
<LI><a href="#[2fc15f8]">&gt;&gt;</a>&nbsp;&nbsp;&nbsp;etharp_update_arp_entry
<LI><a href="#[2fc16ac]">&gt;&gt;</a>&nbsp;&nbsp;&nbsp;etharp_output_to_arp_index
</UL>

<P><STRONG><a name="[2fc15f8]"></a>etharp_update_arp_entry</STRONG> (Thumb, 198 bytes, Stack size 32 bytes, etharp.o(i.etharp_update_arp_entry))
<BR><BR>[Stack]<UL><LI>Max Depth = 148<LI>Call Chain = etharp_update_arp_entry &rArr; etharp_find_entry &rArr; etharp_free_entry &rArr; pbuf_free &rArr; mem_free &rArr; plug_holes
</UL>
<BR>[Calls]<UL><LI><a href="#[1d7c2fc]">&gt;&gt;</a>&nbsp;&nbsp;&nbsp;pbuf_free
<LI><a href="#[2f45a80]">&gt;&gt;</a>&nbsp;&nbsp;&nbsp;ip4_addr_isbroadcast
<LI><a href="#[2fc1634]">&gt;&gt;</a>&nbsp;&nbsp;&nbsp;etharp_send_ip
<LI><a href="#[2fc1724]">&gt;&gt;</a>&nbsp;&nbsp;&nbsp;etharp_find_entry
<LI><a href="#[312bf44]">&gt;&gt;</a>&nbsp;&nbsp;&nbsp;__aeabi_memcpy
</UL>
<BR>[Called By]<UL><LI><a href="#[2fc1760]">&gt;&gt;</a>&nbsp;&nbsp;&nbsp;etharp_arp_input
</UL>

<P><STRONG><a name="[2fc020c]"></a>low_level_init</STRONG> (Thumb, 118 bytes, Stack size 16 bytes, ethernetif.o(i.low_level_init))
<BR><BR>[Stack]<UL><LI>Max Depth = 28<LI>Call Chain = low_level_init &rArr; ETH_DMATxDescChainInit
</UL>
<BR>[Calls]<UL><LI><a href="#[2e868ac]">&gt;&gt;</a>&nbsp;&nbsp;&nbsp;ETH_Start
<LI><a href="#[2e87a7c]">&gt;&gt;</a>&nbsp;&nbsp;&nbsp;ETH_DMATxDescChainInit
<LI><a href="#[2e87be4]">&gt;&gt;</a>&nbsp;&nbsp;&nbsp;ETH_DMARxDescReceiveITConfig
<LI><a href="#[2e87c5c]">&gt;&gt;</a>&nbsp;&nbsp;&nbsp;ETH_DMARxDescChainInit
</UL>
<BR>[Called By]<UL><LI><a href="#[1d8337c]">&gt;&gt;</a>&nbsp;&nbsp;&nbsp;ethernetif_init
</UL>

<P><STRONG><a name="[2fc01d0]"></a>low_level_input</STRONG> (Thumb, 66 bytes, Stack size 32 bytes, ethernetif.o(i.low_level_input))
<BR><BR>[Stack]<UL><LI>Max Depth = 132<LI>Call Chain = low_level_input &rArr; pbuf_alloc &rArr; pbuf_free &rArr; mem_free &rArr; plug_holes
</UL>
<BR>[Calls]<UL><LI><a href="#[1d7c338]">&gt;&gt;</a>&nbsp;&nbsp;&nbsp;pbuf_alloc
<LI><a href="#[312bf44]">&gt;&gt;</a>&nbsp;&nbsp;&nbsp;__aeabi_memcpy
</UL>
<BR>[Called By]<UL><LI><a href="#[1d83340]">&gt;&gt;</a>&nbsp;&nbsp;&nbsp;ethernetif_input
</UL>

<P><STRONG><a name="[2fc0194]"></a>low_level_output</STRONG> (Thumb, 52 bytes, Stack size 24 bytes, ethernetif.o(i.low_level_output))
<BR><BR>[Stack]<UL><LI>Max Depth = 312<LI>Call Chain = low_level_output &rArr; ETH_TxPkt_ChainMode &rArr; Ethernet_Configuration &rArr; ETH_Init &rArr; RCC_GetClocksFreq
</UL>
<BR>[Calls]<UL><LI><a href="#[2fbfd5c]">&gt;&gt;</a>&nbsp;&nbsp;&nbsp;ETH_TxPkt_ChainMode
<LI><a href="#[2fbfdd4]">&gt;&gt;</a>&nbsp;&nbsp;&nbsp;ETH_GetCurrentTxBuffer
<LI><a href="#[312bf44]">&gt;&gt;</a>&nbsp;&nbsp;&nbsp;__aeabi_memcpy
</UL>
<BR>[Address Reference Count : 1]<UL><LI> ethernetif.o(i.ethernetif_init)
</UL>
<P><STRONG><a name="[2fbdd7c]"></a>SetSysClock</STRONG> (Thumb, 8 bytes, Stack size 8 bytes, system_stm32f10x.o(i.SetSysClock))
<BR><BR>[Stack]<UL><LI>Max Depth = 8<LI>Call Chain = SetSysClock
</UL>
<BR>[Calls]<UL><LI><a href="#[2fbdd40]">&gt;&gt;</a>&nbsp;&nbsp;&nbsp;SetSysClockTo72
</UL>
<BR>[Called By]<UL><LI><a href="#[1d80208]">&gt;&gt;</a>&nbsp;&nbsp;&nbsp;SystemInit
</UL>

<P><STRONG><a name="[2fbdd40]"></a>SetSysClockTo72</STRONG> (Thumb, 240 bytes, Stack size 0 bytes, system_stm32f10x.o(i.SetSysClockTo72))
<BR><BR>[Called By]<UL><LI><a href="#[2fbdd7c]">&gt;&gt;</a>&nbsp;&nbsp;&nbsp;SetSysClock
</UL>

<P><STRONG><a name="[30bcc08]"></a>crc7</STRONG> (Thumb, 88 bytes, Stack size 20 bytes, sd.o(i.crc7))
<BR><BR>[Stack]<UL><LI>Max Depth = 20<LI>Call Chain = crc7
</UL>
<BR>[Called By]<UL><LI><a href="#[30bc500]">&gt;&gt;</a>&nbsp;&nbsp;&nbsp;sd_Command_crc
</UL>

<P><STRONG><a name="[30bb6b4]"></a>SPI_Config</STRONG> (Thumb, 144 bytes, Stack size 32 bytes, sd_stm32.o(i.SPI_Config))
<BR><BR>[Stack]<UL><LI>Max Depth = 56<LI>Call Chain = SPI_Config &rArr; GPIO_Init
</UL>
<BR>[Calls]<UL><LI><a href="#[1d802bc]">&gt;&gt;</a>&nbsp;&nbsp;&nbsp;RCC_APB2PeriphClockCmd
<LI><a href="#[1d80424]">&gt;&gt;</a>&nbsp;&nbsp;&nbsp;GPIO_Init
<LI><a href="#[2e77858]">&gt;&gt;</a>&nbsp;&nbsp;&nbsp;SPI_Init
<LI><a href="#[2e77b64]">&gt;&gt;</a>&nbsp;&nbsp;&nbsp;SPI_Cmd
</UL>
<BR>[Called By]<UL><LI><a href="#[30bb510]">&gt;&gt;</a>&nbsp;&nbsp;&nbsp;if_spiInit
</UL>

<P><STRONG><a name="[30bb678]"></a>my_if_spiSend</STRONG> (Thumb, 40 bytes, Stack size 16 bytes, sd_stm32.o(i.my_if_spiSend))
<BR><BR>[Stack]<UL><LI>Max Depth = 16<LI>Call Chain = my_if_spiSend
</UL>
<BR>[Calls]<UL><LI><a href="#[2e77894]">&gt;&gt;</a>&nbsp;&nbsp;&nbsp;SPI_I2S_SendData
<LI><a href="#[2e778d0]">&gt;&gt;</a>&nbsp;&nbsp;&nbsp;SPI_I2S_ReceiveData
<LI><a href="#[2e77984]">&gt;&gt;</a>&nbsp;&nbsp;&nbsp;SPI_I2S_GetFlagStatus
</UL>
<BR>[Called By]<UL><LI><a href="#[30bb510]">&gt;&gt;</a>&nbsp;&nbsp;&nbsp;if_spiInit
</UL>

<P><STRONG><a name="[312f7c0]"></a>prvvTIMERExpiredISR</STRONG> (Thumb, 10 bytes, Stack size 8 bytes, porttimer_m.o(i.prvvTIMERExpiredISR))
<BR><BR>[Stack]<UL><LI>Max Depth = 8<LI>Call Chain = prvvTIMERExpiredISR
</UL>
<BR>[Called By]<UL><LI><a href="#[312f694]">&gt;&gt;</a>&nbsp;&nbsp;&nbsp;TIM3_IRQHandler
</UL>

<P><STRONG><a name="[312ea28]"></a>prvvUARTRxISR</STRONG> (Thumb, 10 bytes, Stack size 8 bytes, portserial_m.o(i.prvvUARTRxISR))
<BR><BR>[Stack]<UL><LI>Max Depth = 8<LI>Call Chain = prvvUARTRxISR
</UL>
<BR>[Called By]<UL><LI><a href="#[312e8c0]">&gt;&gt;</a>&nbsp;&nbsp;&nbsp;USART2_IRQHandler
</UL>

<P><STRONG><a name="[312e9ec]"></a>prvvUARTTxReadyISR</STRONG> (Thumb, 10 bytes, Stack size 8 bytes, portserial_m.o(i.prvvUARTTxReadyISR))
<BR><BR>[Stack]<UL><LI>Max Depth = 8<LI>Call Chain = prvvUARTTxReadyISR
</UL>
<BR>[Called By]<UL><LI><a href="#[312e8c0]">&gt;&gt;</a>&nbsp;&nbsp;&nbsp;USART2_IRQHandler
</UL>

<P><STRONG><a name="[3125a04]"></a>_printf_core</STRONG> (Thumb, 764 bytes, Stack size 104 bytes, printf6.o(i._printf_core), UNUSED)
<BR><BR>[Calls]<UL><LI><a href="#[3121120]">&gt;&gt;</a>&nbsp;&nbsp;&nbsp;__aeabi_uidivmod
<LI><a href="#[312598c]">&gt;&gt;</a>&nbsp;&nbsp;&nbsp;_printf_pre_padding
<LI><a href="#[31259c8]">&gt;&gt;</a>&nbsp;&nbsp;&nbsp;_printf_post_padding
</UL>
<BR>[Called By]<UL><LI><a href="#[31256bc]">&gt;&gt;</a>&nbsp;&nbsp;&nbsp;__0sprintf$6
</UL>

<P><STRONG><a name="[31259c8]"></a>_printf_post_padding</STRONG> (Thumb, 38 bytes, Stack size 24 bytes, printf6.o(i._printf_post_padding), UNUSED)
<BR><BR>[Called By]<UL><LI><a href="#[3125a04]">&gt;&gt;</a>&nbsp;&nbsp;&nbsp;_printf_core
</UL>

<P><STRONG><a name="[312598c]"></a>_printf_pre_padding</STRONG> (Thumb, 46 bytes, Stack size 24 bytes, printf6.o(i._printf_pre_padding), UNUSED)
<BR><BR>[Called By]<UL><LI><a href="#[3125a04]">&gt;&gt;</a>&nbsp;&nbsp;&nbsp;_printf_core
</UL>

<P><STRONG><a name="[3125914]"></a>_sputc</STRONG> (Thumb, 10 bytes, Stack size 0 bytes, printf6.o(i._sputc))
<BR><BR>[Called By]<UL><LI><a href="#[31256bc]">&gt;&gt;</a>&nbsp;&nbsp;&nbsp;__0sprintf$6
</UL>
<BR>[Address Reference Count : 1]<UL><LI> printf6.o(i.__0sprintf$6)
</UL><P>
<H3>
Undefined Global Symbols
</H3><HR></body></html>
